Archive member included to satisfy reference by file (symbol)

/opt/devkitpro/libnds/lib/libfilesystem.a(nitrofs.o)
                              System.o (nitroFSInit)
/opt/devkitpro/libnds/lib/libfat.a(libfat.o)
                              /opt/devkitpro/libnds/lib/libfilesystem.a(nitrofs.o) (fatInitDefault)
/opt/devkitpro/libnds/lib/libfat.a(disc.o)
                              /opt/devkitpro/libnds/lib/libfat.a(libfat.o) (_FAT_disc_interfaces)
/opt/devkitpro/libnds/lib/libfat.a(fatfile.o)
                              /opt/devkitpro/libnds/lib/libfat.a(libfat.o) (_FAT_open_r)
/opt/devkitpro/libnds/lib/libfat.a(cache.o)
                              /opt/devkitpro/libnds/lib/libfat.a(fatfile.o) (_FAT_cache_readSectors)
/opt/devkitpro/libnds/lib/libfat.a(fatdir.o)
                              /opt/devkitpro/libnds/lib/libfat.a(libfat.o) (_FAT_stat_r)
/opt/devkitpro/libnds/lib/libfat.a(directory.o)
                              /opt/devkitpro/libnds/lib/libfat.a(fatfile.o) (_FAT_directory_entryGetCluster)
/opt/devkitpro/libnds/lib/libfat.a(partition.o)
                              /opt/devkitpro/libnds/lib/libfat.a(libfat.o) (_FAT_partition_destructor)
/opt/devkitpro/libnds/lib/libfat.a(lock.o)
                              /opt/devkitpro/libnds/lib/libfat.a(partition.o) (_FAT_lock_init)
/opt/devkitpro/libnds/lib/libfat.a(filetime.o)
                              /opt/devkitpro/libnds/lib/libfat.a(fatfile.o) (_FAT_filetime_getTimeFromRTC)
/opt/devkitpro/libnds/lib/libfat.a(file_allocation_table.o)
                              /opt/devkitpro/libnds/lib/libfat.a(fatfile.o) (_FAT_fat_nextCluster)
/opt/devkitpro/libnds/lib/libnds9.a(dynamicArray.o)
                              Draw.o (DynamicArrayGet)
/opt/devkitpro/libnds/lib/libnds9.a(video.o)
                              Draw.o (vramRestorePrimaryBanks)
/opt/devkitpro/libnds/lib/libnds9.a(trig.o)
                              gl2d.o (tanLerp)
/opt/devkitpro/libnds/lib/libnds9.a(videoGL.o)
                              gl2d.o (glMaterialf)
/opt/devkitpro/libnds/lib/libnds9.a(sprite.o)
                              Draw.o (oamInit)
/opt/devkitpro/libnds/lib/libnds9.a(keys.o)
                              Draw.o (scanKeys)
/opt/devkitpro/libnds/lib/libnds9.a(dldi.o)
                              /opt/devkitpro/libnds/lib/libfat.a(disc.o) (dldiGetInternal)
/opt/devkitpro/libnds/lib/libnds9.a(initSystem.o)
                              /opt/devkitpro/devkitARM/lib/gcc/arm-none-eabi/10.1.0/../../../../arm-none-eabi/lib/thumb/ds_arm9_crt0.o (initSystem)
/opt/devkitpro/libnds/lib/libnds9.a(timeSupport.o)
                              /opt/devkitpro/libnds/lib/libnds9.a(initSystem.o) (__libnds_gtod)
/opt/devkitpro/libnds/lib/libnds9.a(securearea.o)
                              /opt/devkitpro/devkitARM/lib/gcc/arm-none-eabi/10.1.0/../../../../arm-none-eabi/lib/thumb/ds_arm9_crt0.o (__secure_area__)
/opt/devkitpro/libnds/lib/libnds9.a(interrupts.o)
                              /opt/devkitpro/libnds/lib/libnds9.a(initSystem.o) (irqInit)
/opt/devkitpro/libnds/lib/libnds9.a(libnds_exit.arm.o)
                              /opt/devkitpro/devkitARM/lib/gcc/arm-none-eabi/10.1.0/../../../../arm-none-eabi/lib/thumb/ds_arm9_crt0.o (__libnds_exit)
/opt/devkitpro/libnds/lib/libnds9.a(card.o)
                              /opt/devkitpro/libnds/lib/libfilesystem.a(nitrofs.o) (cardParamCommand)
/opt/devkitpro/libnds/lib/libnds9.a(fifosystem.o)
                              /opt/devkitpro/libnds/lib/libnds9.a(initSystem.o) (fifoSetValue32Handler)
/opt/devkitpro/libnds/lib/libnds9.a(dcache.o)
                              Draw.o (DC_FlushRange)
/opt/devkitpro/libnds/lib/libnds9.a(dldi_stub.o)
                              /opt/devkitpro/libnds/lib/libnds9.a(dldi.o) (_io_dldi_stub)
/opt/devkitpro/libnds/lib/libnds9.a(mpu_setup.o)
                              /opt/devkitpro/devkitARM/lib/gcc/arm-none-eabi/10.1.0/../../../../arm-none-eabi/lib/thumb/ds_arm9_crt0.o (__libnds_mpu_setup)
/opt/devkitpro/libnds/lib/libnds9.a(IntrWait.o)
                              Draw.o (swiWaitForVBlank)
/opt/devkitpro/libnds/lib/libnds9.a(cpu_clock.o)
                              /opt/devkitpro/libnds/lib/libnds9.a(initSystem.o) (setCpuClock)
/opt/devkitpro/libnds/lib/libnds9.a(interruptDispatcher.o)
                              /opt/devkitpro/libnds/lib/libnds9.a(interrupts.o) (IntrMain)
/opt/devkitpro/libnds/lib/libnds9.a(swiSoftReset.o)
                              /opt/devkitpro/libnds/lib/libnds9.a(fifosystem.o) (swiSoftReset)
/opt/devkitpro/libnds/lib/libnds9.a(biosCalls.o)
                              /opt/devkitpro/libnds/lib/libnds9.a(card.o) (swiDelay)
/opt/devkitpro/libnds/lib/libnds9.a(sprite_alloc.o)
                              /opt/devkitpro/libnds/lib/libnds9.a(sprite.o) (oamAllocReset)
/opt/devkitpro/libnds/lib/libnds9.a(system.o)
                              /opt/devkitpro/libnds/lib/libnds9.a(initSystem.o) (systemValueHandler)
[...]
Memory Configuration

Name             Origin             Length             Attributes
ewram            0x0000000002000000 0x0000000000380000
dtcm             0x0000000002ff0000 0x0000000000004000
vectors          0x0000000001000000 0x0000000000000100
itcm             0x0000000001000100 0x0000000000007f00
*default*        0x0000000000000000 0xffffffffffffffff

Linker script and memory map

                0x0000000002380000                __ewram_end = (ORIGIN (ewram) + LENGTH (ewram))
                0x0000000002380000                __eheap_end = (ORIGIN (ewram) + LENGTH (ewram))
                0x0000000002ff4000                __dtcm_top = (ORIGIN (dtcm) + LENGTH (dtcm))
                0x0000000002ff3ff8                __irq_flags = (__dtcm_top - 0x8)
                0x0000000002ff3ffc                __irq_vector = (__dtcm_top - 0x4)
                0x0000000002ff3f00                __sp_svc = (__dtcm_top - 0x100)
                0x0000000002ff3e00                __sp_irq = (__sp_svc - 0x100)
                0x0000000002ff3d00                __sp_usr = (__sp_irq - 0x100)

.secure         0x0000000002000000      0x800
 *(.secure)
 .secure        0x0000000002000000      0x800 /opt/devkitpro/libnds/lib/libnds9.a(securearea.o)
                0x0000000002000000                __secure_area__

.crt0           0x0000000002000800      0x300
                0x0000000002000800                __text_start = .
 *(.crt0)
 .crt0          0x0000000002000800      0x300 /opt/devkitpro/devkitARM/lib/gcc/arm-none-eabi/10.1.0/../../../../arm-none-eabi/lib/thumb/ds_arm9_crt0.o
                0x0000000002000800                _start
                0x0000000002000b00                . = ALIGN (0x4)

.plt
 *(.plt)

.init           0x0000000002000b00        0xc
 *(SORT_NONE(.init))
 .init          0x0000000002000b00        0x4 /opt/devkitpro/devkitARM/lib/gcc/arm-none-eabi/10.1.0/thumb/crti.o
                0x0000000002000b00                _init
 .init          0x0000000002000b04        0x8 /opt/devkitpro/devkitARM/lib/gcc/arm-none-eabi/10.1.0/thumb/crtn.o

.text           0x0000000002000b40    0x35718
 *(EXCLUDE_FILE(*.twl* *.vectors* *.itcm*) .text)
 .text          0x0000000002000b40      0x90c Sound.o
                0x0000000002000b40                getFreeChannel()
                0x0000000002000bec                updateChannelStates()
                0x0000000002000c50                SOUNDBUFFER::SOUNDBUFFER(unsigned int)
                0x0000000002000c50                SOUNDBUFFER::SOUNDBUFFER(unsigned int)
                0x0000000002000c94                SOUNDBUFFER::~SOUNDBUFFER()
                0x0000000002000c94                SOUNDBUFFER::~SOUNDBUFFER()
                0x0000000002000ccc                SOUNDBUFFER::Release()
                0x0000000002000d0c                SOUNDBUFFER::Lock(signed char**, unsigned int*)
                0x0000000002000d20                SOUNDBUFFER::Unlock()
                0x0000000002000d24                SOUNDBUFFER::SetCurrentPosition(unsigned long)
                0x0000000002000d28                SOUNDBUFFER::SetFrequency(unsigned long)
                0x0000000002000d40                MillibelToVolume(long)
                0x0000000002000d88                SOUNDBUFFER::SetVolume(long)
                0x0000000002000df4                SOUNDBUFFER::SetPan(long)
                0x0000000002000e24                SOUNDBUFFER::Play(bool)
                0x0000000002000f38                SOUNDBUFFER::Stop()
                0x0000000002000f64                InitDirectSound()
                0x0000000002000f80                EndDirectSound()
                0x0000000002001028                ReleaseSoundObject(int)
                0x0000000002001074                InitSoundObject(char const*, int)
                0x0000000002001160                PlaySoundObject(int, int)
                0x00000000020011d8                ChangeSoundFrequency(int, int)
                0x0000000002001208                ChangeSoundVolume(int, long)
                0x0000000002001284                ChangeSoundPan(int, long)
                0x00000000020012c8                MakePiyoPiyoSoundObject(char*, char*, int, int, int)
 .text          0x000000000200144c      0x1a4 soundFifo.o
                0x000000000200144c                micBufferHandler(int, void*)
                0x0000000002001480                soundEnable
                0x0000000002001490                soundDisable
                0x00000000020014a0                soundPlaySampleC
                0x000000000200150c                soundPause
                0x0000000002001520                soundKill
                0x0000000002001534                soundResume
                0x0000000002001548                soundSetVolume
                0x000000000200155c                soundSetPan
                0x000000000200156c                soundSetFreq
                0x0000000002001580                soundSetWaveDuty
                0x0000000002001594                soundMicRecord
                0x00000000020015e0                soundMicOff
 .text          0x00000000020015f0      0x33c Item.o
                0x00000000020015f0                InitItem(ITEMS*)
                0x0000000002001608                PutItem(ITEMS*)
                0x00000000020016b8                MoveItem(ITEMS*, EVENT_SCR*)
                0x000000000200172c                CheckItem(ITEMS*, char)
                0x0000000002001774                AddItemData(ITEMS*, char)
                0x000000000200187c                SubItemData(ITEMS*, char)
 .text          0x000000000200192c      0x988 Game.o
                0x000000000200192c                GetTrg()
                0x0000000002001988                CountFramePerSecound()
                0x000000000200198c                Game()
 .text          0x00000000020022b4      0x5e4 Map.o
                0x00000000020022b4                LoadMapData(char const*, MAP*)
                0x0000000002002390                PutBack(FRAME*)
                0x000000000200244c                PutMapBack(MAP*, int, int)
                0x0000000002002514                PutMapFront(MAP*, int, int)
                0x00000000020025d8                PutMapVector(MAP*, int, int)
                0x00000000020026f0                MoveFrame(FRAME*, NPCHAR*, MAP*)
                0x00000000020027c0                MoveFrameEditor(FRAME*, MAP*)
 .text          0x0000000002002898     0x11b0 NpChar.o
                0x0000000002002898                ActNpChar02(NPCHAR*)
                0x0000000002002a28                ActNpChar03(NPCHAR*)
                0x0000000002002acc                ActNpChar04(NPCHAR*)
                0x0000000002002bc4                ActNpChar05(NPCHAR*)
                0x0000000002002bdc                ActNpChar00(NPCHAR*)
                0x0000000002002d50                ActNpChar01(NPCHAR*)
                0x0000000002002da8                ActNpChar06(NPCHAR*)
                0x0000000002002e64                PutNpChar07(NPCHAR*, FRAME*)
                0x0000000002002ec4                PutNpChar06(NPCHAR*, FRAME*)
                0x0000000002002f30                PutNpChar05(NPCHAR*, FRAME*)
                0x0000000002002f98                PutNpChar04(NPCHAR*, FRAME*)
                0x0000000002003004                PutNpChar03(NPCHAR*, FRAME*)
                0x000000000200306c                PutNpChar02(NPCHAR*, FRAME*)
                0x00000000020030d4                PutNpChar01(NPCHAR*, FRAME*)
                0x0000000002003160                PutNpChar00(NPCHAR*, FRAME*)
                0x00000000020031c8                InitNpChar(NPCHAR*)
                0x00000000020031f4                PutNpChar(NPCHAR*, FRAME*)
                0x0000000002003224                ActNpChar(NPCHAR*)
                0x0000000002003250                JudgeHitNpCharBlock(NPCHAR*, int, int, char)
                0x0000000002003474                HitNpCharMap(NPCHAR*, MAP*)
                0x00000000020035e0                HitMyCharNpChar(NPCHAR*, EVENT_SCR*, CARET_SPAWNER*)
                0x000000000200394c                ReloadNpChar(NPCHAR*)
 .text          0x0000000002003a48      0x844 Editor.o
                0x0000000002003a48                InitEditor()
                0x0000000002003a5c                PutEditorCursor()
                0x0000000002003a94                PutEditorSelect(NPCHAR*, FRAME*)
                0x0000000002003d18                EditorProc(NPCHAR*)
                0x0000000002004004                PutEditorNpcInfo(NPCHAR*)
                0x0000000002004104                LoadNpChar(NPCHAR*)
                0x00000000020041c8                SaveNpChar(NPCHAR*)
 .text          0x000000000200428c      0x90c Boss.o
                0x000000000200428c                InitBoss()
                0x00000000020042e4                PutBoss(FRAME*)
                0x000000000200445c                ActBoss(CARET_SPAWNER*)
                0x00000000020047d8                DamageBoss(CARET_SPAWNER*, char)
                0x0000000002004858                HitMyCharBoss(EVENT_SCR*, CARET_SPAWNER*)
 .text          0x0000000002004b98       0xb8 Flags.o
                0x0000000002004b98                InitFlags()
                0x0000000002004bac                SetNPCFlag(int)
                0x0000000002004be4                CutNPCFlag(int)
                0x0000000002004c1c                GetNPCFlag(int)
 .text          0x0000000002004c50      0x47c Generic.o
                0x0000000002004c50                GetFileSizeLong(char const*)
                0x0000000002004c80                GetCompileDate(int*, int*, int*)
                0x0000000002004da8                GetCompileVersion(int*, int*, int*, int*)
                0x0000000002004dc0                OpenSoundVolume()
                0x0000000002004dc4                LoadGenericData()
 .text          0x00000000020050cc     0x1228 Player.o
                0x00000000020050cc                ActMyChar_Ship(CARET*, CARET_SPAWNER*)
                0x000000000200514c                ActMyChar_Normal(CARET*, CARET_SPAWNER*)
                0x0000000002005430                ActMyChar_Dash(CARET*, CARET_SPAWNER*)
                0x00000000020055fc                DamageMyChar(CARET_SPAWNER*, char)
                0x00000000020056dc                JudgeHitMyCharBlock(int, int, char)
                0x0000000002005a04                JudgeHitMyCharSnack(int, int, char, CARET_SPAWNER*, MAP*)
                0x0000000002005d68                JudgeHitMyCharDamage(int, int, CARET_SPAWNER*)
                0x0000000002005dc0                JudgeHitMyCharVector(int, int, char)
                0x0000000002005e34                JudgeHitMyCharItem(int, int, CARET_SPAWNER*, MAP*)
                0x0000000002005f40                HitMyCharMap(MAP*, CARET_SPAWNER*)
                0x0000000002006180                PutMyChar(FRAME*)
                0x0000000002006214                PutMyStatus()
                0x0000000002006294                ActMyChar(CARET*, CARET_SPAWNER*)
                0x00000000020062b0                InitMyChar()
 .text          0x00000000020062f4     0x12e8 EventScript.o
                0x00000000020062f4                ProcFade(FADE*, FRAME*, CARET_SPAWNER*)
                0x000000000200655c                PutNumber(int, int, int)
                0x00000000020065e0                PutNumber2(int, int, int)
                0x0000000002006660                DebugPutText(char const*)
                0x0000000002006674                ReadEventScript(char const*, EVENT_SCR*)
                0x00000000020066b4                SaveRecord(ITEMS*, MAP*, NPCHAR*)
                0x0000000002006820                LoadRecord(ITEMS*, MAP*, NPCHAR*)
                0x00000000020069f0                JumpEventScript(EVENT_SCR*)
                0x0000000002006ac8                GetEventScriptNo(EVENT_SCR*)
                0x0000000002006b1c                PutEventScriptCursor(EVENT_SCR*)
                0x0000000002006b48                EventScriptProc(EVENT_SCR*, ITEMS*, NPCHAR*, MAP*, PIYOPIYO_CONTROL*, FADE*, FRAME*)
                0x0000000002007528                PutMsgBox(EVENT_SCR*)
                0x00000000020075c4                InitEventScript(EVENT_SCR*)
 .text          0x00000000020075dc      0x164 File.o
                0x00000000020075dc                LoadFileToMemory(char const*, unsigned int*)
                0x0000000002007640                File_ReadU8(__sFILE*)
                0x000000000200765c                File_ReadBE16(__sFILE*)
                0x0000000002007680                File_ReadBE32(__sFILE*)
                0x00000000020076ac                File_ReadLE16(__sFILE*)
                0x00000000020076c4                File_ReadLE32(__sFILE*)
                0x00000000020076dc                File_WriteBE16(unsigned short, __sFILE*)
                0x00000000020076f4                File_WriteBE32(unsigned long, __sFILE*)
                0x0000000002007710                File_WriteLE16(unsigned short, __sFILE*)
                0x0000000002007724                File_WriteLE32(unsigned long, __sFILE*)
 .text          0x0000000002007740       0x28 System.o
                0x0000000002007740                Random(int, int)
                0x0000000002007758                InactiveWindow()
                0x0000000002007764                SystemTask()
 .text          0x0000000002007768     0x195c Draw.o
                0x0000000002007768                vramGetBank(unsigned short*)
                0x0000000002007820                UpdateInput()
                0x0000000002007870                Flip_SystemTask()
                0x00000000020078d8                initSubSprites()
                0x00000000020079c0                StartDirectDraw()
                0x0000000002007ac8                EndDirectDraw()
                0x0000000002007acc                ReleaseSurface(SurfaceID)
                0x0000000002007ae4                MakeSurface_Generic(int, int, int)
                0x0000000002007b14                vramBlock_examineSpecial(s_vramBlock*, unsigned char*, unsigned long, unsigned char)
                0x0000000002007f18                vramBlock__allocateBlock(s_vramBlock*, s_SingleBlock*, unsigned char*, unsigned long)
                0x000000000200805c                vramBlock_allocateSpecial(s_vramBlock*, unsigned char*, unsigned long)
                0x00000000020080c8                AssignColorPalette(SURFACE*, unsigned short, unsigned short const*)
                0x00000000020085d8                CopyDataToTexture(int, int, int, int, int, RECT*)
                0x0000000002008930                LoadBitmap(__sFILE*, int, bool)
                0x0000000002008bdc                LoadBitmap_File(char const*, int, bool)
                0x0000000002008c9c                LoadBitmap_Resource(char const*, int, bool)
                0x0000000002008ca0                MakeSurface_File(char const*, int)
                0x0000000002008cac                MakeSurface_Resource(char const*, int)
                0x0000000002008cb0                ReloadBitmap_File(char const*, int)
                0x0000000002008cbc                ReloadBitmap_Resource(char const*, int)
                0x0000000002008cc0                BackupSurface(SurfaceID, RECT*)
                0x0000000002008cc4                CopyFaceTexture(int)
                0x0000000002008cc8                PutBitmap4(RECT*, int, int, RECT*, int)
                0x0000000002008dc0                Surface2Surface(int, int, RECT*, int, int)
                0x0000000002008e7c                Surface2Texture(int, int, RECT*, int, int)
                0x0000000002008eb4                GetCortBoxColor(unsigned long)
                0x0000000002008eb8                CortBox(RECT*, unsigned long)
                0x0000000002008ee0                CortBox2(RECT*, unsigned long, int)
                0x0000000002008ee4                InitTextObject()
                0x0000000002008ef8                GetTextSpacing(char const*)
                0x0000000002008f24                PutText(int, int, char const*, unsigned long)
                0x00000000020090a8                PutText2(int, int, char const*, unsigned long, int)
                0x00000000020090ac                EndTextObject()
 .text          0x00000000020090c4      0x664 PiyoPiyo.o
                0x0000000002009290                InitPiyoPiyo()
                0x0000000002009470                EndPiyoPiyo()
                0x00000000020094c8                ReadPiyoPiyo(char const*)
                0x00000000020094e8                PiyoPiyoProc()
                0x0000000002009604                MakePiyoPiyoSoundObjects()
                0x0000000002009620                ChangePiyoPiyoVolume(PIYOPIYO_CONTROL*)
                0x000000000200963c                PiyoPiyoControl(PIYOPIYO_CONTROL*)
 .text          0x0000000002009728      0x320 PixelScript.o
                0x0000000002009728                ReadPixelScript(PIX_SCR*, char const*)
                0x0000000002009768                LoadPixelScript(PIX_SCR*, char const*, char)
                0x00000000020097f8                PixelScriptProc(PIX_SCR*, PIYOPIYO_CONTROL*, bool)
                0x0000000002009a3c                EndPixelScript(PIX_SCR*)
 .text          0x0000000002009a48      0x410 Effect.o
                0x0000000002009a48                ProcCaret00(CARET*, MAP*, FRAME*)
                0x0000000002009b04                ProcCaret01(CARET*, MAP*, FRAME*)
                0x0000000002009bc0                ProcCaret02(CARET*, MAP*, FRAME*)
                0x0000000002009c5c                ProcCaret03(CARET*, MAP*, FRAME*)
                0x0000000002009d20                FindCaret(CARET*)
                0x0000000002009d40                ProcCaret(CARET*, MAP*, FRAME*)
                0x0000000002009d7c                FindCaretSpawner(CARET_SPAWNER*)
                0x0000000002009d9c                ProcCaretSpawner(CARET_SPAWNER*, CARET*)
 .text          0x0000000002009e58     0x81d8 lodepng.o
                0x000000000200d914                lode_png_test_bitreader(unsigned char const*, unsigned int, unsigned int, unsigned int const*, unsigned int*)
                0x000000000200db24                lodepng_inflate(unsigned char**, unsigned int*, unsigned char const*, unsigned int, LodePNGDecompressSettings const*)
                0x000000000200db50                lodepng_zlib_decompress(unsigned char**, unsigned int*, unsigned char const*, unsigned int, LodePNGDecompressSettings const*)
                0x000000000200dca8                lodepng_decompress_settings_init(LodePNGDecompressSettings*)
                0x000000000200dcb8                lodepng_crc32(unsigned char const*, unsigned int)
                0x000000000200dcec                lodepng_chunk_length(unsigned char const*)
                0x000000000200dd18                lodepng_chunk_type(char*, unsigned char const*)
                0x000000000200dd44                lodepng_chunk_type_equals(unsigned char const*, char const*)
                0x000000000200dd88                lodepng_chunk_ancillary(unsigned char const*)
                0x000000000200dd90                lodepng_chunk_private(unsigned char const*)
                0x000000000200dd98                lodepng_chunk_safetocopy(unsigned char const*)
                0x000000000200dda0                lodepng_chunk_data(unsigned char*)
                0x000000000200dda4                lodepng_chunk_data_const(unsigned char const*)
                0x000000000200dda8                lodepng_chunk_check_crc(unsigned char const*)
                0x000000000200de38                lodepng_chunk_generate_crc(unsigned char*)
                0x000000000200deb8                lodepng_chunk_next(unsigned char*, unsigned char*)
                0x000000000200df68                lodepng_chunk_next_const(unsigned char const*, unsigned char const*)
                0x000000000200e018                lodepng_chunk_find(unsigned char*, unsigned char*, char const*)
                0x000000000200e104                lodepng_chunk_find_const(unsigned char const*, unsigned char const*, char const*)
                0x000000000200e1f0                lodepng_chunk_append(unsigned char**, unsigned int*, unsigned char const*)
                0x000000000200e2b4                lodepng_chunk_create(unsigned char**, unsigned int*, unsigned int, char const*, unsigned char const*)
                0x000000000200e478                lodepng_color_mode_init(LodePNGColorMode*)
                0x000000000200e490                lodepng_color_mode_cleanup(LodePNGColorMode*)
                0x000000000200e4a8                lodepng_color_mode_copy(LodePNGColorMode*, LodePNGColorMode const*)
                0x000000000200e560                lodepng_color_mode_make(LodePNGColorType, unsigned int)
                0x000000000200e574                lodepng_palette_clear(LodePNGColorMode*)
                0x000000000200e58c                lodepng_palette_add(LodePNGColorMode*, unsigned char, unsigned char, unsigned char, unsigned char)
                0x000000000200e638                lodepng_get_bpp(LodePNGColorMode const*)
                0x000000000200e660                lodepng_get_channels(LodePNGColorMode const*)
                0x000000000200e688                lodepng_is_greyscale_type(LodePNGColorMode const*)
                0x000000000200e694                lodepng_is_alpha_type(LodePNGColorMode const*)
                0x000000000200e69c                lodepng_is_palette_type(LodePNGColorMode const*)
                0x000000000200e6a8                lodepng_has_palette_alpha(LodePNGColorMode const*)
                0x000000000200e6d0                lodepng_can_have_alpha(LodePNGColorMode const*)
                0x000000000200e700                lodepng_get_raw_size(unsigned int, unsigned int, LodePNGColorMode const*)
                0x000000000200e748                lodepng_add_text(LodePNGInfo*, char const*, char const*)
                0x000000000200e768                lodepng_clear_text(LodePNGInfo*)
                0x000000000200e7b8                lodepng_clear_itext(LodePNGInfo*)
                0x000000000200e7c0                lodepng_add_itext(LodePNGInfo*, char const*, char const*, char const*, char const*)
                0x000000000200e7e8                lodepng_set_icc(LodePNGInfo*, char const*, unsigned char const*, unsigned int)
                0x000000000200e8a8                lodepng_clear_icc(LodePNGInfo*)
                0x000000000200e8cc                lodepng_info_init(LodePNGInfo*)
                0x000000000200e938                lodepng_info_cleanup(LodePNGInfo*)
                0x000000000200e9d4                lodepng_info_copy(LodePNGInfo*, LodePNGInfo const*)
                0x000000000200ed58                lodepng_convert(unsigned char*, unsigned char const*, LodePNGColorMode const*, LodePNGColorMode const*, unsigned int, unsigned int)
                0x00000000020101cc                lodepng_convert_rgb(unsigned int*, unsigned int*, unsigned int*, unsigned int, unsigned int, unsigned int, LodePNGColorMode const*, LodePNGColorMode const*)
                0x00000000020102e0                lodepng_inspect(unsigned int*, unsigned int*, LodePNGState*, unsigned char const*, unsigned int)
                0x0000000002011434                lodepng_inspect_chunk(LodePNGState*, unsigned int, unsigned char const*, unsigned int)
                0x0000000002011864                lodepng_decode(unsigned char**, unsigned int*, unsigned int*, LodePNGState*, unsigned char const*, unsigned int)
                0x00000000020119fc                lodepng_decode_memory(unsigned char**, unsigned int*, unsigned int*, unsigned char const*, unsigned int, LodePNGColorType, unsigned int)
                0x0000000002011d78                lodepng_decode32(unsigned char**, unsigned int*, unsigned int*, unsigned char const*, unsigned int)
                0x0000000002011d90                lodepng_decode24(unsigned char**, unsigned int*, unsigned int*, unsigned char const*, unsigned int)
                0x0000000002011da8                lodepng_decoder_settings_init(LodePNGDecoderSettings*)
                0x0000000002011dc4                lodepng_state_init(LodePNGState*)
                0x0000000002011e7c                lodepng_state_cleanup(LodePNGState*)
                0x0000000002011e9c                lodepng_state_copy(LodePNGState*, LodePNGState const*)
 .text          0x0000000002012030      0x7f0 gl2d.o
                0x0000000002012030                glScreen2D()
                0x0000000002012570                SetOrtho()
                0x00000000020126f4                glBegin2D()
                0x0000000002012778                glEnd2D()
                0x0000000002012794                glBoxFilled(int, int, int, int, int)
 .text          0x0000000002012820      0x114 Opening.o
                0x0000000002012820                InitOpening(OPENING*)
                0x0000000002012838                PutOpening(OPENING*)
 *fill*         0x0000000002012934        0xc ff
 .text          0x0000000002012940     0x4000 /opt/devkitpro/libnds/lib/libnds9.a(dldi_stub.o)
                0x0000000002012940                _io_dldi_stub
 .text          0x0000000002016940      0x198 /opt/devkitpro/devkitARM/lib/gcc/arm-none-eabi/10.1.0/thumb/libgcc.a(_arm_mulsf3.o)
                0x0000000002016940                __mulsf3
                0x0000000002016940                __aeabi_fmul
 .text          0x0000000002016ad8      0x11c /opt/devkitpro/devkitARM/lib/gcc/arm-none-eabi/10.1.0/thumb/libgcc.a(_udivsi3.o)
                0x0000000002016ad8                __udivsi3
                0x0000000002016ad8                __aeabi_uidiv
                0x0000000002016bd4                __aeabi_uidivmod
 .text          0x0000000002016bf4      0x150 /opt/devkitpro/devkitARM/lib/gcc/arm-none-eabi/10.1.0/thumb/libgcc.a(_divsi3.o)
                0x0000000002016bf4                __aeabi_idiv
                0x0000000002016bf4                __divsi3
                0x0000000002016d24                __aeabi_idivmod
 .text          0x0000000002016d44        0x4 /opt/devkitpro/devkitARM/lib/gcc/arm-none-eabi/10.1.0/thumb/libgcc.a(_dvmd_tls.o)
                0x0000000002016d44                __aeabi_ldiv0
                0x0000000002016d44                __aeabi_idiv0
 .text          0x0000000002016d48      0x424 /opt/devkitpro/devkitARM/lib/gcc/arm-none-eabi/10.1.0/thumb/libgcc.a(_arm_addsubdf3.o)
                0x0000000002016d48                __aeabi_drsub
                0x0000000002016d50                __aeabi_dsub
                0x0000000002016d50                __subdf3
                0x0000000002016d54                __adddf3
                0x0000000002016d54                __aeabi_dadd
                0x0000000002017064                __aeabi_ui2d
                0x0000000002017064                __floatunsidf
                0x0000000002017088                __floatsidf
                0x0000000002017088                __aeabi_i2d
                0x00000000020170b0                __extendsfdf2
                0x00000000020170b0                __aeabi_f2d
                0x00000000020170f8                __aeabi_ul2d
                0x00000000020170f8                __floatundidf
                0x000000000201710c                __floatdidf
                0x000000000201710c                __aeabi_l2d
 .text          0x000000000201716c      0x49c /opt/devkitpro/devkitARM/lib/gcc/arm-none-eabi/10.1.0/thumb/libgcc.a(_arm_muldivdf3.o)
                0x000000000201716c                __aeabi_dmul
                0x000000000201716c                __muldf3
                0x00000000020173fc                __aeabi_ddiv
                0x00000000020173fc                __divdf3
 .text          0x0000000002017608      0x144 /opt/devkitpro/devkitARM/lib/gcc/arm-none-eabi/10.1.0/thumb/libgcc.a(_arm_cmpdf2.o)
                0x0000000002017608                __gtdf2
                0x0000000002017608                __gedf2
                0x0000000002017610                __ltdf2
                0x0000000002017610                __ledf2
                0x0000000002017618                __cmpdf2
                0x0000000002017618                __eqdf2
                0x0000000002017618                __nedf2
                0x00000000020176a0                __aeabi_cdrcmple
                0x00000000020176bc                __aeabi_cdcmple
                0x00000000020176bc                __aeabi_cdcmpeq
                0x00000000020176d4                __aeabi_dcmpeq
                0x00000000020176ec                __aeabi_dcmplt
                0x0000000002017704                __aeabi_dcmple
                0x000000000201771c                __aeabi_dcmpge
                0x0000000002017734                __aeabi_dcmpgt
 .text          0x000000000201774c       0x5c /opt/devkitpro/devkitARM/lib/gcc/arm-none-eabi/10.1.0/thumb/libgcc.a(_arm_fixdfsi.o)
                0x000000000201774c                __fixdfsi
                0x000000000201774c                __aeabi_d2iz
 .text          0x00000000020177a8       0xa0 /opt/devkitpro/devkitARM/lib/gcc/arm-none-eabi/10.1.0/thumb/libgcc.a(_arm_truncdfsf2.o)
                0x00000000020177a8                __aeabi_d2f
                0x00000000020177a8                __truncdfsf2
 .text          0x0000000002017848       0x5c /opt/devkitpro/devkitARM/lib/gcc/arm-none-eabi/10.1.0/thumb/libgcc.a(_arm_fixsfsi.o)
                0x0000000002017848                __fixsfsi
                0x0000000002017848                __aeabi_f2iz
 .text          0x00000000020178a4       0xd4 /opt/devkitpro/devkitARM/lib/gcc/arm-none-eabi/10.1.0/thumb/libgcc.a(_aeabi_ldivmod.o)
                0x00000000020178a4                __aeabi_ldivmod
 .text          0x0000000002017978      0x1d8 /opt/devkitpro/devkitARM/lib/gcc/arm-none-eabi/10.1.0/thumb/libgcc.a(libunwind.o)
                0x0000000002017978                __restore_core_regs
                0x0000000002017978                restore_core_regs
                0x0000000002017994                __gnu_Unwind_Restore_VFP
                0x000000000201799c                __gnu_Unwind_Save_VFP
                0x00000000020179a4                __gnu_Unwind_Restore_VFP_D
                0x00000000020179ac                __gnu_Unwind_Save_VFP_D
                0x00000000020179b4                __gnu_Unwind_Restore_VFP_D_16_to_31
                0x00000000020179bc                __gnu_Unwind_Save_VFP_D_16_to_31
                0x00000000020179c4                __gnu_Unwind_Restore_WMMXD
                0x0000000002017a08                __gnu_Unwind_Save_WMMXD
                0x0000000002017a4c                __gnu_Unwind_Restore_WMMXC
                0x0000000002017a60                __gnu_Unwind_Save_WMMXC
                0x0000000002017a74                ___Unwind_RaiseException
                0x0000000002017a74                _Unwind_RaiseException
                0x0000000002017aa0                ___Unwind_Resume
                0x0000000002017aa0                _Unwind_Resume
                0x0000000002017acc                _Unwind_Resume_or_Rethrow
                0x0000000002017acc                ___Unwind_Resume_or_Rethrow
                0x0000000002017af8                ___Unwind_ForcedUnwind
                0x0000000002017af8                _Unwind_ForcedUnwind
                0x0000000002017b24                _Unwind_Backtrace
                0x0000000002017b24                ___Unwind_Backtrace
 .text          0x0000000002017b50       0x28 /opt/devkitpro/devkitARM/lib/gcc/arm-none-eabi/10.1.0/thumb/libgcc.a(_clzdi2.o)
                0x0000000002017b50                __clzdi2
 .text          0x0000000002017b78       0x48 /opt/devkitpro/devkitARM/lib/gcc/arm-none-eabi/10.1.0/thumb/libgcc.a(_clzsi2.o)
                0x0000000002017b78                __clzsi2
 .text          0x0000000002017bc0      0x224 /opt/devkitpro/devkitARM/lib/gcc/arm-none-eabi/10.1.0/../../../../arm-none-eabi/lib/thumb/libg.a(lib_a-strcmp.o)
                0x0000000002017bc0                strcmp
 .text          0x0000000002017de4       0x14 /opt/devkitpro/devkitARM/lib/gcc/arm-none-eabi/10.1.0/thumb/libgcc.a(_thumb1_case_uqi.o)
                0x0000000002017de4                __gnu_thumb1_case_uqi
 .text          0x0000000002017df8       0x14 /opt/devkitpro/devkitARM/lib/gcc/arm-none-eabi/10.1.0/thumb/libgcc.a(_thumb1_case_uhi.o)
                0x0000000002017df8                __gnu_thumb1_case_uhi
 .text          0x0000000002017e0c       0x18 /opt/devkitpro/devkitARM/lib/gcc/arm-none-eabi/10.1.0/thumb/libgcc.a(_thumb1_case_si.o)
                0x0000000002017e0c                __gnu_thumb1_case_si
 .text          0x0000000002017e24       0x38 /opt/devkitpro/devkitARM/lib/gcc/arm-none-eabi/10.1.0/thumb/libgcc.a(_arm_unorddf2.o)
                0x0000000002017e24                __aeabi_dcmpun
                0x0000000002017e24                __unorddf2
 .text          0x0000000002017e5c       0x54 /opt/devkitpro/devkitARM/lib/gcc/arm-none-eabi/10.1.0/thumb/libgcc.a(_arm_fixunsdfsi.o)
                0x0000000002017e5c                __fixunsdfsi
                0x0000000002017e5c                __aeabi_d2uiz
 .text          0x0000000002017eb0       0x3c /opt/devkitpro/devkitARM/lib/gcc/arm-none-eabi/10.1.0/thumb/libgcc.a(_aeabi_uldivmod.o)
                0x0000000002017eb0                __aeabi_uldivmod
 *(EXCLUDE_FILE(*.twl* *.vectors* *.itcm*) .stub)
 *(EXCLUDE_FILE(*.twl* *.vectors* *.itcm*) .text.*)
 .text.deregister_tm_clones
                0x0000000002017eec       0x2c /opt/devkitpro/devkitARM/lib/gcc/arm-none-eabi/10.1.0/thumb/crtbegin.o
 .text.register_tm_clones
                0x0000000002017f18       0x34 /opt/devkitpro/devkitARM/lib/gcc/arm-none-eabi/10.1.0/thumb/crtbegin.o
 .text.__do_global_dtors_aux
                0x0000000002017f4c       0x30 /opt/devkitpro/devkitARM/lib/gcc/arm-none-eabi/10.1.0/thumb/crtbegin.o
 .text.frame_dummy
                0x0000000002017f7c       0x28 /opt/devkitpro/devkitARM/lib/gcc/arm-none-eabi/10.1.0/thumb/crtbegin.o
 .text.startup  0x0000000002017fa4       0x9c System.o
                0x0000000002017fa4                main
 .text.hot      0x0000000002018040       0xf8 Draw.o
                0x0000000002018040                PutBitmap3(RECT*, int, int, RECT*, int)
 .text.hot      0x0000000002018138      0x150 gl2d.o
                0x0000000002018138                glSprite(int, int, RECT*, int, int, int)
 .text.nitroFSDirClose
                0x0000000002018288        0x4 /opt/devkitpro/libnds/lib/libfilesystem.a(nitrofs.o)
 .text.nitroFSSeek
                0x000000000201828c       0x78 /opt/devkitpro/libnds/lib/libfilesystem.a(nitrofs.o)
 .text.nitroFSFstat
                0x0000000002018304       0x10 /opt/devkitpro/libnds/lib/libfilesystem.a(nitrofs.o)
 .text.nitroSubReadBlock
                0x0000000002018314       0x54 /opt/devkitpro/libnds/lib/libfilesystem.a(nitrofs.o)
 .text.nitroSubReadCard
                0x0000000002018368       0xb0 /opt/devkitpro/libnds/lib/libfilesystem.a(nitrofs.o)
 .text.nitroFSClose
                0x0000000002018418        0x4 /opt/devkitpro/libnds/lib/libfilesystem.a(nitrofs.o)
 .text.nitroDirReset
                0x000000000201841c       0x9c /opt/devkitpro/libnds/lib/libfilesystem.a(nitrofs.o)
 .text.nitroFSRead
                0x00000000020184b8       0xbc /opt/devkitpro/libnds/lib/libfilesystem.a(nitrofs.o)
 .text.nitroFSDirNext
                0x0000000002018574      0x30c /opt/devkitpro/libnds/lib/libfilesystem.a(nitrofs.o)
 .text.nitroFSDirOpen
                0x0000000002018880       0xe0 /opt/devkitpro/libnds/lib/libfilesystem.a(nitrofs.o)
 .text.nitroFSChdir
                0x0000000002018960       0x30 /opt/devkitpro/libnds/lib/libfilesystem.a(nitrofs.o)
 .text.nitroFSOpen
                0x0000000002018990       0xc4 /opt/devkitpro/libnds/lib/libfilesystem.a(nitrofs.o)
 .text.nitroFSstat
                0x0000000002018a54       0x68 /opt/devkitpro/libnds/lib/libfilesystem.a(nitrofs.o)
 .text.nitroFSInit
                0x0000000002018abc      0x12c /opt/devkitpro/libnds/lib/libfilesystem.a(nitrofs.o)
                0x0000000002018abc                nitroFSInit
 .text.fatMount.part.0
                0x0000000002018be8       0xa0 /opt/devkitpro/libnds/lib/libfat.a(libfat.o)
 .text.fatMount
                0x0000000002018c88       0x3c /opt/devkitpro/libnds/lib/libfat.a(libfat.o)
                0x0000000002018c88                fatMount
 .text.fatInit  0x0000000002018cc4      0x130 /opt/devkitpro/libnds/lib/libfat.a(libfat.o)
                0x0000000002018cc4                fatInit
 .text.fatInitDefault
                0x0000000002018df4        0xc /opt/devkitpro/libnds/lib/libfat.a(libfat.o)
                0x0000000002018df4                fatInitDefault
 .text._FAT_check_position_for_next_cluster.part.0
                0x0000000002018e00       0x68 /opt/devkitpro/libnds/lib/libfat.a(fatfile.o)
 .text._FAT_syncToDisc.part.0
                0x0000000002018e68       0xd4 /opt/devkitpro/libnds/lib/libfat.a(fatfile.o)
 .text._FAT_file_extend_r
                0x0000000002018f3c      0x208 /opt/devkitpro/libnds/lib/libfat.a(fatfile.o)
 .text._FAT_open_r
                0x0000000002019144      0x2d4 /opt/devkitpro/libnds/lib/libfat.a(fatfile.o)
                0x0000000002019144                _FAT_open_r
 .text._FAT_close_r
                0x0000000002019418       0x74 /opt/devkitpro/libnds/lib/libfat.a(fatfile.o)
                0x0000000002019418                _FAT_close_r
 .text._FAT_read_r
                0x000000000201948c      0x398 /opt/devkitpro/libnds/lib/libfat.a(fatfile.o)
                0x000000000201948c                _FAT_read_r
 .text._FAT_write_r
                0x0000000002019824      0x53c /opt/devkitpro/libnds/lib/libfat.a(fatfile.o)
                0x0000000002019824                _FAT_write_r
 .text._FAT_seek_r
                0x0000000002019d60      0x194 /opt/devkitpro/libnds/lib/libfat.a(fatfile.o)
                0x0000000002019d60                _FAT_seek_r
 .text._FAT_fstat_r
                0x0000000002019ef4       0x8c /opt/devkitpro/libnds/lib/libfat.a(fatfile.o)
                0x0000000002019ef4                _FAT_fstat_r
 .text._FAT_ftruncate_r
                0x0000000002019f80      0x16c /opt/devkitpro/libnds/lib/libfat.a(fatfile.o)
                0x0000000002019f80                _FAT_ftruncate_r
 .text._FAT_fsync_r
                0x000000000201a0ec       0x44 /opt/devkitpro/libnds/lib/libfat.a(fatfile.o)
                0x000000000201a0ec                _FAT_fsync_r
 .text._FAT_cache_getPage
                0x000000000201a130       0xf0 /opt/devkitpro/libnds/lib/libfat.a(cache.o)
 .text._FAT_cache_constructor
                0x000000000201a220       0x90 /opt/devkitpro/libnds/lib/libfat.a(cache.o)
                0x000000000201a220                _FAT_cache_constructor
 .text._FAT_cache_readSectors
                0x000000000201a2b0       0x60 /opt/devkitpro/libnds/lib/libfat.a(cache.o)
                0x000000000201a2b0                _FAT_cache_readSectors
 .text._FAT_cache_readPartialSector
                0x000000000201a310       0x3c /opt/devkitpro/libnds/lib/libfat.a(cache.o)
                0x000000000201a310                _FAT_cache_readPartialSector
 .text._FAT_cache_readLittleEndianValue
                0x000000000201a34c       0x70 /opt/devkitpro/libnds/lib/libfat.a(cache.o)
                0x000000000201a34c                _FAT_cache_readLittleEndianValue
 .text._FAT_cache_writePartialSector
                0x000000000201a3bc       0x4c /opt/devkitpro/libnds/lib/libfat.a(cache.o)
                0x000000000201a3bc                _FAT_cache_writePartialSector
 .text._FAT_cache_writeLittleEndianValue
                0x000000000201a408       0x8c /opt/devkitpro/libnds/lib/libfat.a(cache.o)
                0x000000000201a408                _FAT_cache_writeLittleEndianValue
 .text._FAT_cache_eraseWritePartialSector
                0x000000000201a494       0x60 /opt/devkitpro/libnds/lib/libfat.a(cache.o)
                0x000000000201a494                _FAT_cache_eraseWritePartialSector
 .text._FAT_cache_writeSectors
                0x000000000201a4f4       0x80 /opt/devkitpro/libnds/lib/libfat.a(cache.o)
                0x000000000201a4f4                _FAT_cache_writeSectors
 .text._FAT_cache_flush
                0x000000000201a574       0x40 /opt/devkitpro/libnds/lib/libfat.a(cache.o)
                0x000000000201a574                _FAT_cache_flush
 .text._FAT_stat_r
                0x000000000201a5b4       0x90 /opt/devkitpro/libnds/lib/libfat.a(fatdir.o)
                0x000000000201a5b4                _FAT_stat_r
 .text._FAT_link_r
                0x000000000201a644        0xc /opt/devkitpro/libnds/lib/libfat.a(fatdir.o)
                0x000000000201a644                _FAT_link_r
 .text._FAT_unlink_r
                0x000000000201a650      0x184 /opt/devkitpro/libnds/lib/libfat.a(fatdir.o)
                0x000000000201a650                _FAT_unlink_r
 .text._FAT_chdir_r
                0x000000000201a7d4       0x70 /opt/devkitpro/libnds/lib/libfat.a(fatdir.o)
                0x000000000201a7d4                _FAT_chdir_r
 .text._FAT_rename_r
                0x000000000201a844      0x1c4 /opt/devkitpro/libnds/lib/libfat.a(fatdir.o)
                0x000000000201a844                _FAT_rename_r
 .text._FAT_mkdir_r
                0x000000000201aa08      0x244 /opt/devkitpro/libnds/lib/libfat.a(fatdir.o)
                0x000000000201aa08                _FAT_mkdir_r
 .text._FAT_statvfs_r
                0x000000000201ac4c       0x78 /opt/devkitpro/libnds/lib/libfat.a(fatdir.o)
                0x000000000201ac4c                _FAT_statvfs_r
 .text._FAT_diropen_r
                0x000000000201acc4       0xb0 /opt/devkitpro/libnds/lib/libfat.a(fatdir.o)
                0x000000000201acc4                _FAT_diropen_r
 .text._FAT_dirreset_r
                0x000000000201ad74       0x4c /opt/devkitpro/libnds/lib/libfat.a(fatdir.o)
                0x000000000201ad74                _FAT_dirreset_r
 .text._FAT_dirnext_r
                0x000000000201adc0       0x7c /opt/devkitpro/libnds/lib/libfat.a(fatdir.o)
                0x000000000201adc0                _FAT_dirnext_r
 .text._FAT_dirclose_r
                0x000000000201ae3c       0x20 /opt/devkitpro/libnds/lib/libfat.a(fatdir.o)
                0x000000000201ae3c                _FAT_dirclose_r
 .text._FAT_directory_entryGetAlias
                0x000000000201ae5c       0xc8 /opt/devkitpro/libnds/lib/libfat.a(directory.o)
 .text._FAT_directory_incrementDirEntryPosition
                0x000000000201af24       0x80 /opt/devkitpro/libnds/lib/libfat.a(directory.o)
 .text._FAT_directory_mbsncasecmp
                0x000000000201afa4       0xa8 /opt/devkitpro/libnds/lib/libfat.a(directory.o)
 .text._FAT_directory_ucs2tombs.constprop.0
                0x000000000201b04c       0x90 /opt/devkitpro/libnds/lib/libfat.a(directory.o)
 .text._FAT_directory_entryGetCluster
                0x000000000201b0dc       0x20 /opt/devkitpro/libnds/lib/libfat.a(directory.o)
                0x000000000201b0dc                _FAT_directory_entryGetCluster
 .text._FAT_directory_getNextEntry
                0x000000000201b0fc      0x23c /opt/devkitpro/libnds/lib/libfat.a(directory.o)
                0x000000000201b0fc                _FAT_directory_getNextEntry
 .text._FAT_directory_entryExists
                0x000000000201b338       0x80 /opt/devkitpro/libnds/lib/libfat.a(directory.o)
 .text._FAT_directory_getFirstEntry
                0x000000000201b3b8       0x20 /opt/devkitpro/libnds/lib/libfat.a(directory.o)
                0x000000000201b3b8                _FAT_directory_getFirstEntry
 .text._FAT_directory_getRootEntry
                0x000000000201b3d8       0x60 /opt/devkitpro/libnds/lib/libfat.a(directory.o)
                0x000000000201b3d8                _FAT_directory_getRootEntry
 .text._FAT_directory_entryFromPosition
                0x000000000201b438      0x150 /opt/devkitpro/libnds/lib/libfat.a(directory.o)
                0x000000000201b438                _FAT_directory_entryFromPosition
 .text._FAT_directory_entryFromPath
                0x000000000201b588      0x248 /opt/devkitpro/libnds/lib/libfat.a(directory.o)
                0x000000000201b588                _FAT_directory_entryFromPath
 .text._FAT_directory_removeEntry
                0x000000000201b7d0       0xd8 /opt/devkitpro/libnds/lib/libfat.a(directory.o)
                0x000000000201b7d0                _FAT_directory_removeEntry
 .text._FAT_directory_addEntry
                0x000000000201b8a8      0x808 /opt/devkitpro/libnds/lib/libfat.a(directory.o)
                0x000000000201b8a8                _FAT_directory_addEntry
 .text._FAT_directory_chdir
                0x000000000201c0b0       0x3c /opt/devkitpro/libnds/lib/libfat.a(directory.o)
                0x000000000201c0b0                _FAT_directory_chdir
 .text._FAT_directory_entryStat
                0x000000000201c0ec       0xe4 /opt/devkitpro/libnds/lib/libfat.a(directory.o)
                0x000000000201c0ec                _FAT_directory_entryStat
 .text.isValidMBR
                0x000000000201c1d0       0x5c /opt/devkitpro/libnds/lib/libfat.a(partition.o)
 .text._FAT_updateFS_INFO
                0x000000000201c22c       0x54 /opt/devkitpro/libnds/lib/libfat.a(partition.o)
 .text.FindFirstValidPartition_buf.part.0
                0x000000000201c280      0x11c /opt/devkitpro/libnds/lib/libfat.a(partition.o)
 .text._FAT_partition_getPartitionFromPath
                0x000000000201c39c       0x10 /opt/devkitpro/libnds/lib/libfat.a(partition.o)
                0x000000000201c39c                _FAT_partition_getPartitionFromPath
 .text._FAT_partition_createFSinfo
                0x000000000201c3ac       0x50 /opt/devkitpro/libnds/lib/libfat.a(partition.o)
                0x000000000201c3ac                _FAT_partition_createFSinfo
 .text._FAT_partition_readFSinfo.part.0
                0x000000000201c3fc       0x74 /opt/devkitpro/libnds/lib/libfat.a(partition.o)
 .text._FAT_partition_constructor_buf
                0x000000000201c470      0x2e8 /opt/devkitpro/libnds/lib/libfat.a(partition.o)
                0x000000000201c470                _FAT_partition_constructor_buf
 .text._FAT_partition_constructor
                0x000000000201c758       0x40 /opt/devkitpro/libnds/lib/libfat.a(partition.o)
                0x000000000201c758                _FAT_partition_constructor
 .text._FAT_partition_readFSinfo
                0x000000000201c798       0x10 /opt/devkitpro/libnds/lib/libfat.a(partition.o)
                0x000000000201c798                _FAT_partition_readFSinfo
 .text._FAT_lock_init
                0x000000000201c7a8        0x4 /opt/devkitpro/libnds/lib/libfat.a(lock.o)
                0x000000000201c7a8                _FAT_lock_init
 .text._FAT_lock
                0x000000000201c7ac        0x4 /opt/devkitpro/libnds/lib/libfat.a(lock.o)
                0x000000000201c7ac                _FAT_lock
 .text._FAT_unlock
                0x000000000201c7b0        0x4 /opt/devkitpro/libnds/lib/libfat.a(lock.o)
                0x000000000201c7b0                _FAT_unlock
 .text._FAT_filetime_getTimeFromRTC
                0x000000000201c7b4       0x44 /opt/devkitpro/libnds/lib/libfat.a(filetime.o)
                0x000000000201c7b4                _FAT_filetime_getTimeFromRTC
 .text._FAT_filetime_getDateFromRTC
                0x000000000201c7f8       0x44 /opt/devkitpro/libnds/lib/libfat.a(filetime.o)
                0x000000000201c7f8                _FAT_filetime_getDateFromRTC
 .text._FAT_filetime_to_time_t
                0x000000000201c83c       0x38 /opt/devkitpro/libnds/lib/libfat.a(filetime.o)
                0x000000000201c83c                _FAT_filetime_to_time_t
 .text._FAT_fat_writeFatEntry.part.0.isra.0
                0x000000000201c874      0x12c /opt/devkitpro/libnds/lib/libfat.a(file_allocation_table.o)
 .text._FAT_fat_nextCluster
                0x000000000201c9a0      0x108 /opt/devkitpro/libnds/lib/libfat.a(file_allocation_table.o)
                0x000000000201c9a0                _FAT_fat_nextCluster
 .text._FAT_fat_linkFreeCluster
                0x000000000201caa8       0xac /opt/devkitpro/libnds/lib/libfat.a(file_allocation_table.o)
                0x000000000201caa8                _FAT_fat_linkFreeCluster
 .text._FAT_fat_linkFreeClusterCleared
                0x000000000201cb54       0x68 /opt/devkitpro/libnds/lib/libfat.a(file_allocation_table.o)
                0x000000000201cb54                _FAT_fat_linkFreeClusterCleared
 .text._FAT_fat_clearLinks
                0x000000000201cbbc       0x7c /opt/devkitpro/libnds/lib/libfat.a(file_allocation_table.o)
                0x000000000201cbbc                _FAT_fat_clearLinks
 .text._FAT_fat_trimChain
                0x000000000201cc38       0x80 /opt/devkitpro/libnds/lib/libfat.a(file_allocation_table.o)
                0x000000000201cc38                _FAT_fat_trimChain
 .text._FAT_fat_lastCluster
                0x000000000201ccb8       0x34 /opt/devkitpro/libnds/lib/libfat.a(file_allocation_table.o)
                0x000000000201ccb8                _FAT_fat_lastCluster
 .text._FAT_fat_freeClusterCount
                0x000000000201ccec       0x2c /opt/devkitpro/libnds/lib/libfat.a(file_allocation_table.o)
                0x000000000201ccec                _FAT_fat_freeClusterCount
 .text.DynamicArrayInit
                0x000000000201cd18       0x18 /opt/devkitpro/libnds/lib/libnds9.a(dynamicArray.o)
                0x000000000201cd18                DynamicArrayInit
 .text.DynamicArrayGet
                0x000000000201cd30       0x18 /opt/devkitpro/libnds/lib/libnds9.a(dynamicArray.o)
                0x000000000201cd30                DynamicArrayGet
 .text.DynamicArraySet
                0x000000000201cd48       0x48 /opt/devkitpro/libnds/lib/libnds9.a(dynamicArray.o)
                0x000000000201cd48                DynamicArraySet
 .text.vramRestorePrimaryBanks
                0x000000000201cd90        0xc /opt/devkitpro/libnds/lib/libnds9.a(video.o)
                0x000000000201cd90                vramRestorePrimaryBanks
 .text.vramRestoreBanks_EFG
                0x000000000201cd9c        0xc /opt/devkitpro/libnds/lib/libnds9.a(video.o)
                0x000000000201cd9c                vramRestoreBanks_EFG
 .text.vramDefault
                0x000000000201cda8       0xd0 /opt/devkitpro/libnds/lib/libnds9.a(video.o)
                0x000000000201cda8                vramDefault
 .text.tanLerp  0x000000000201ce78       0xa4 /opt/devkitpro/libnds/lib/libnds9.a(trig.o)
                0x000000000201ce78                tanLerp
 .text.vramBlock__deallocateBlock.part.0
                0x000000000201cf1c      0x184 /opt/devkitpro/libnds/lib/libnds9.a(videoGL.o)
 .text.glMaterialf
                0x000000000201d0a0       0x7c /opt/devkitpro/libnds/lib/libnds9.a(videoGL.o)
                0x000000000201d0a0                glMaterialf
 .text.vramBlock_init
                0x000000000201d11c       0x5c /opt/devkitpro/libnds/lib/libnds9.a(videoGL.o)
                0x000000000201d11c                vramBlock_init
 .text.vramBlock__allocateBlock
                0x000000000201d178      0x178 /opt/devkitpro/libnds/lib/libnds9.a(videoGL.o)
                0x000000000201d178                vramBlock__allocateBlock
 .text.vramBlock_examineSpecial
                0x000000000201d2f0      0x244 /opt/devkitpro/libnds/lib/libnds9.a(videoGL.o)
                0x000000000201d2f0                vramBlock_examineSpecial
 .text.vramBlock_allocateSpecial
                0x000000000201d534       0x6c /opt/devkitpro/libnds/lib/libnds9.a(videoGL.o)
                0x000000000201d534                vramBlock_allocateSpecial
 .text.vramBlock_allocateBlock
                0x000000000201d5a0       0x30 /opt/devkitpro/libnds/lib/libnds9.a(videoGL.o)
                0x000000000201d5a0                vramBlock_allocateBlock
 .text.vramBlock_deallocateBlock
                0x000000000201d5d0       0x48 /opt/devkitpro/libnds/lib/libnds9.a(videoGL.o)
                0x000000000201d5d0                vramBlock_deallocateBlock
 .text.glInit_C
                0x000000000201d618      0x1cc /opt/devkitpro/libnds/lib/libnds9.a(videoGL.o)
                0x000000000201d618                glInit_C
 .text.glGenTextures
                0x000000000201d7e4       0x80 /opt/devkitpro/libnds/lib/libnds9.a(videoGL.o)
                0x000000000201d7e4                glGenTextures
 .text.vramGetBank
                0x000000000201d864       0xb8 /opt/devkitpro/libnds/lib/libnds9.a(videoGL.o)
                0x000000000201d864                vramGetBank
 .text.glBindTexture
                0x000000000201d91c       0x60 /opt/devkitpro/libnds/lib/libnds9.a(videoGL.o)
                0x000000000201d91c                glBindTexture
 .text.glGetTexturePointer
                0x000000000201d97c       0x1c /opt/devkitpro/libnds/lib/libnds9.a(videoGL.o)
                0x000000000201d97c                glGetTexturePointer
 .text.glTexImage2D
                0x000000000201d998      0x414 /opt/devkitpro/libnds/lib/libnds9.a(videoGL.o)
                0x000000000201d998                glTexImage2D
 .text.oamInit  0x000000000201ddac      0x118 /opt/devkitpro/libnds/lib/libnds9.a(sprite.o)
                0x000000000201ddac                oamInit
 .text.oamUpdate
                0x000000000201dec4       0x60 /opt/devkitpro/libnds/lib/libnds9.a(sprite.o)
                0x000000000201dec4                oamUpdate
 .text.scanKeys
                0x000000000201df24       0x8c /opt/devkitpro/libnds/lib/libnds9.a(keys.o)
                0x000000000201df24                scanKeys
 .text.keysHeld
                0x000000000201dfb0        0xc /opt/devkitpro/libnds/lib/libnds9.a(keys.o)
                0x000000000201dfb0                keysHeld
 .text.dldiGetInternal
                0x000000000201dfbc       0x34 /opt/devkitpro/libnds/lib/libnds9.a(dldi.o)
                0x000000000201dfbc                dldiGetInternal
 .text.get_io_dsisd
                0x000000000201dff0       0x24 /opt/devkitpro/libnds/lib/libnds9.a(dldi.o)
                0x000000000201dff0                get_io_dsisd
 .text.initSystem
                0x000000000201e014      0x198 /opt/devkitpro/libnds/lib/libnds9.a(initSystem.o)
                0x000000000201e014                initSystem
 .text.__libnds_gtod
                0x000000000201e1ac       0x28 /opt/devkitpro/libnds/lib/libnds9.a(timeSupport.o)
                0x000000000201e1ac                __libnds_gtod
 .text.irqDummy
                0x000000000201e1d4        0x4 /opt/devkitpro/libnds/lib/libnds9.a(interrupts.o)
                0x000000000201e1d4                irqDummy
 .text.irqSet   0x000000000201e1d8       0x6c /opt/devkitpro/libnds/lib/libnds9.a(interrupts.o)
                0x000000000201e1d8                irqSet
 .text.irqInit  0x000000000201e244       0x50 /opt/devkitpro/libnds/lib/libnds9.a(interrupts.o)
                0x000000000201e244                irqInit
 .text.irqEnable
                0x000000000201e294       0x64 /opt/devkitpro/libnds/lib/libnds9.a(interrupts.o)
                0x000000000201e294                irqEnable
 .text.systemErrorExit
                0x000000000201e2f8        0x4 /opt/devkitpro/libnds/lib/libnds9.a(libnds_exit.arm.o)
                0x000000000201e2f8                systemErrorExit
 .text.__libnds_exit
                0x000000000201e2fc       0x5c /opt/devkitpro/libnds/lib/libnds9.a(libnds_exit.arm.o)
                0x000000000201e2fc                __libnds_exit
 .text.cardPolledTransfer
                0x000000000201e358       0x54 /opt/devkitpro/libnds/lib/libnds9.a(card.o)
                0x000000000201e358                cardPolledTransfer
 .text.cardParamCommand
                0x000000000201e3ac       0x34 /opt/devkitpro/libnds/lib/libnds9.a(card.o)
                0x000000000201e3ac                cardParamCommand
 .text.fifo_queueBlock
                0x000000000201e3e0       0x44 /opt/devkitpro/libnds/lib/libnds9.a(fifosystem.o)
 .text.fifo_waitBlock
                0x000000000201e424       0x80 /opt/devkitpro/libnds/lib/libnds9.a(fifosystem.o)
 .text.fifoInternalSend.part.0
                0x000000000201e4a4       0xd4 /opt/devkitpro/libnds/lib/libnds9.a(fifosystem.o)
 .text.fifoInternalSendInterrupt
                0x000000000201e578       0xa8 /opt/devkitpro/libnds/lib/libnds9.a(fifosystem.o)
 .text.fifoSetValue32Handler
                0x000000000201e620       0xd8 /opt/devkitpro/libnds/lib/libnds9.a(fifosystem.o)
                0x000000000201e620                fifoSetValue32Handler
 .text.fifoSendValue32
                0x000000000201e6f8       0x4c /opt/devkitpro/libnds/lib/libnds9.a(fifosystem.o)
                0x000000000201e6f8                fifoSendValue32
 .text.fifoSendDatamsg
                0x000000000201e744       0x90 /opt/devkitpro/libnds/lib/libnds9.a(fifosystem.o)
                0x000000000201e744                fifoSendDatamsg
 .text.fifoGetValue32
                0x000000000201e7d4       0x70 /opt/devkitpro/libnds/lib/libnds9.a(fifosystem.o)
                0x000000000201e7d4                fifoGetValue32
 .text.fifoGetDatamsg
                0x000000000201e844       0xf4 /opt/devkitpro/libnds/lib/libnds9.a(fifosystem.o)
                0x000000000201e844                fifoGetDatamsg
 .text.fifoInternalRecvInterrupt
                0x000000000201e938      0x380 /opt/devkitpro/libnds/lib/libnds9.a(fifosystem.o)
 .text.fifoSetDatamsgHandler
                0x000000000201ecb8       0x9c /opt/devkitpro/libnds/lib/libnds9.a(fifosystem.o)
                0x000000000201ecb8                fifoSetDatamsgHandler
 .text.fifoCheckValue32
                0x000000000201ed54       0x24 /opt/devkitpro/libnds/lib/libnds9.a(fifosystem.o)
                0x000000000201ed54                fifoCheckValue32
 .text.fifoInit
                0x000000000201ed78       0xf8 /opt/devkitpro/libnds/lib/libnds9.a(fifosystem.o)
                0x000000000201ed78                fifoInit
 .text.DC_FlushRange
                0x000000000201ee70       0x24 /opt/devkitpro/libnds/lib/libnds9.a(dcache.o)
                0x000000000201ee70                DC_FlushRange
 .text.__libnds_mpu_setup
                0x000000000201ee94      0x174 /opt/devkitpro/libnds/lib/libnds9.a(mpu_setup.o)
                0x000000000201ee94                __libnds_mpu_setup
 .text.memUncached
                0x000000000201f008       0x20 /opt/devkitpro/libnds/lib/libnds9.a(mpu_setup.o)
                0x000000000201f008                memUncached
 .text.swiWaitForVBlank
                0x000000000201f028        0x8 /opt/devkitpro/libnds/lib/libnds9.a(IntrWait.o)
                0x000000000201f028                swiWaitForVBlank
 .text.swiIntrWait
                0x000000000201f030       0x70 /opt/devkitpro/libnds/lib/libnds9.a(IntrWait.o)
                0x000000000201f030                swiIntrWait
 .text.setCpuClock
                0x000000000201f0a0       0x50 /opt/devkitpro/libnds/lib/libnds9.a(cpu_clock.o)
                0x000000000201f0a0                setCpuClock
 .text.swiSoftReset
                0x000000000201f0f0       0x2c /opt/devkitpro/libnds/lib/libnds9.a(swiSoftReset.o)
                0x000000000201f0f0                swiSoftReset
 .text.swiDelay
                0x000000000201f11c        0x4 /opt/devkitpro/libnds/lib/libnds9.a(biosCalls.o)
                0x000000000201f11c                swiDelay
 .text.swiCopy  0x000000000201f120        0x4 /opt/devkitpro/libnds/lib/libnds9.a(biosCalls.o)
                0x000000000201f120                swiCopy
 .text.oamAllocReset
                0x000000000201f124       0x1c /opt/devkitpro/libnds/lib/libnds9.a(sprite_alloc.o)
                0x000000000201f124                oamAllocReset
 .text.systemValueHandler
                0x000000000201f140       0x48 /opt/devkitpro/libnds/lib/libnds9.a(system.o)
                0x000000000201f140                systemValueHandler
 .text.systemMsgHandler
                0x000000000201f188       0x60 /opt/devkitpro/libnds/lib/libnds9.a(system.o)
                0x000000000201f188                systemMsgHandler
 .text.powerOn  0x000000000201f1e8       0x2c /opt/devkitpro/libnds/lib/libnds9.a(system.o)
                0x000000000201f1e8                powerOn
 .text._ZdlPvj  0x000000000201f214        0xc /opt/devkitpro/devkitARM/lib/gcc/arm-none-eabi/10.1.0/../../../../arm-none-eabi/lib/thumb/libstdc++.a(del_ops.o)
                0x000000000201f214                operator delete(void*, unsigned int)
 .text._ZdaPv   0x000000000201f220        0xc /opt/devkitpro/devkitARM/lib/gcc/arm-none-eabi/10.1.0/../../../../arm-none-eabi/lib/thumb/libstdc++.a(del_opv.o)
                0x000000000201f220                operator delete[](void*)
 .text._Znwj    0x000000000201f22c       0x48 /opt/devkitpro/devkitARM/lib/gcc/arm-none-eabi/10.1.0/../../../../arm-none-eabi/lib/thumb/libstdc++.a(new_op.o)
                0x000000000201f22c                operator new(unsigned int)
 .text._Znaj    0x000000000201f274        0xc /opt/devkitpro/devkitARM/lib/gcc/arm-none-eabi/10.1.0/../../../../arm-none-eabi/lib/thumb/libstdc++.a(new_opv.o)
                0x000000000201f274                operator new[](unsigned int)
 .text._ZNKSt9bad_alloc4whatEv
                0x000000000201f280        0x8 /opt/devkitpro/devkitARM/lib/gcc/arm-none-eabi/10.1.0/../../../../arm-none-eabi/lib/thumb/libstdc++.a(bad_alloc.o)
                0x000000000201f280                std::bad_alloc::what() const
 .text._ZNSt9bad_allocD2Ev
                0x000000000201f288       0x1c /opt/devkitpro/devkitARM/lib/gcc/arm-none-eabi/10.1.0/../../../../arm-none-eabi/lib/thumb/libstdc++.a(bad_alloc.o)
                0x000000000201f288                std::bad_alloc::~bad_alloc()
                0x000000000201f288                std::bad_alloc::~bad_alloc()
 .text._ZNSt9bad_allocD0Ev
                0x000000000201f2a4       0x24 /opt/devkitpro/devkitARM/lib/gcc/arm-none-eabi/10.1.0/../../../../arm-none-eabi/lib/thumb/libstdc++.a(bad_alloc.o)
                0x000000000201f2a4                std::bad_alloc::~bad_alloc()
 .text._ZdlPv   0x000000000201f2c8        0xc /opt/devkitpro/devkitARM/lib/gcc/arm-none-eabi/10.1.0/../../../../arm-none-eabi/lib/thumb/libstdc++.a(del_op.o)
                0x000000000201f2c8                operator delete(void*)
 .text._ZN12_GLOBAL__N_14pool4freeEPv.constprop.0
                0x000000000201f2d4       0x80 /opt/devkitpro/devkitARM/lib/gcc/arm-none-eabi/10.1.0/../../../../arm-none-eabi/lib/thumb/libstdc++.a(eh_alloc.o)
 .text._ZN12_GLOBAL__N_14pool8allocateEj.constprop.0
                0x000000000201f354       0x54 /opt/devkitpro/devkitARM/lib/gcc/arm-none-eabi/10.1.0/../../../../arm-none-eabi/lib/thumb/libstdc++.a(eh_alloc.o)
 .text.__cxa_allocate_exception
                0x000000000201f3a8       0x30 /opt/devkitpro/devkitARM/lib/gcc/arm-none-eabi/10.1.0/../../../../arm-none-eabi/lib/thumb/libstdc++.a(eh_alloc.o)
                0x000000000201f3a8                __cxa_allocate_exception
 .text.__cxa_free_exception
                0x000000000201f3d8       0x28 /opt/devkitpro/devkitARM/lib/gcc/arm-none-eabi/10.1.0/../../../../arm-none-eabi/lib/thumb/libstdc++.a(eh_alloc.o)
                0x000000000201f3d8                __cxa_free_exception
 .text.startup._GLOBAL__sub_I__ZN9__gnu_cxx9__freeresEv
                0x000000000201f400       0x30 /opt/devkitpro/devkitARM/lib/gcc/arm-none-eabi/10.1.0/../../../../arm-none-eabi/lib/thumb/libstdc++.a(eh_alloc.o)
 .text._ZNSt9exceptionD2Ev
                0x000000000201f430        0x4 /opt/devkitpro/devkitARM/lib/gcc/arm-none-eabi/10.1.0/../../../../arm-none-eabi/lib/thumb/libstdc++.a(eh_exception.o)
                0x000000000201f430                std::exception::~exception()
                0x000000000201f430                std::exception::~exception()
 .text._ZNSt13bad_exceptionD2Ev
                0x000000000201f434        0x4 /opt/devkitpro/devkitARM/lib/gcc/arm-none-eabi/10.1.0/../../../../arm-none-eabi/lib/thumb/libstdc++.a(eh_exception.o)
                0x000000000201f434                std::bad_exception::~bad_exception()
                0x000000000201f434                std::bad_exception::~bad_exception()
 .text._ZNKSt13bad_exception4whatEv
                0x000000000201f438        0x8 /opt/devkitpro/devkitARM/lib/gcc/arm-none-eabi/10.1.0/../../../../arm-none-eabi/lib/thumb/libstdc++.a(eh_exception.o)
                0x000000000201f438                transaction clone for std::bad_exception::what() const
                0x000000000201f438                std::bad_exception::what() const
 .text._ZNSt13bad_exceptionD0Ev
                0x000000000201f440       0x14 /opt/devkitpro/devkitARM/lib/gcc/arm-none-eabi/10.1.0/../../../../arm-none-eabi/lib/thumb/libstdc++.a(eh_exception.o)
                0x000000000201f440                std::bad_exception::~bad_exception()
 .text._ZN10__cxxabiv111__terminateEPFvvE
                0x000000000201f454       0x2c /opt/devkitpro/devkitARM/lib/gcc/arm-none-eabi/10.1.0/../../../../arm-none-eabi/lib/thumb/libstdc++.a(eh_terminate.o)
                0x000000000201f454                __cxxabiv1::__terminate(void (*)())
 .text._ZSt9terminatev
                0x000000000201f480       0x10 /opt/devkitpro/devkitARM/lib/gcc/arm-none-eabi/10.1.0/../../../../arm-none-eabi/lib/thumb/libstdc++.a(eh_terminate.o)
                0x000000000201f480                std::terminate()
 .text._ZN10__cxxabiv112__unexpectedEPFvvE
                0x000000000201f490        0xc /opt/devkitpro/devkitARM/lib/gcc/arm-none-eabi/10.1.0/../../../../arm-none-eabi/lib/thumb/libstdc++.a(eh_terminate.o)
                0x000000000201f490                __cxxabiv1::__unexpected(void (*)())
 .text._ZSt10unexpectedv
                0x000000000201f49c       0x10 /opt/devkitpro/devkitARM/lib/gcc/arm-none-eabi/10.1.0/../../../../arm-none-eabi/lib/thumb/libstdc++.a(eh_terminate.o)
                0x000000000201f49c                std::unexpected()
 .text._ZSt13get_terminatev
                0x000000000201f4ac        0xc /opt/devkitpro/devkitARM/lib/gcc/arm-none-eabi/10.1.0/../../../../arm-none-eabi/lib/thumb/libstdc++.a(eh_terminate.o)
                0x000000000201f4ac                std::get_terminate()
 .text._ZSt14get_unexpectedv
                0x000000000201f4b8        0xc /opt/devkitpro/devkitARM/lib/gcc/arm-none-eabi/10.1.0/../../../../arm-none-eabi/lib/thumb/libstdc++.a(eh_terminate.o)
                0x000000000201f4b8                std::get_unexpected()
 .text._ZL23__gxx_exception_cleanup19_Unwind_Reason_CodeP21_Unwind_Control_Block
                0x000000000201f4c4       0x3c /opt/devkitpro/devkitARM/lib/gcc/arm-none-eabi/10.1.0/../../../../arm-none-eabi/lib/thumb/libstdc++.a(eh_throw.o)
 .text.__cxa_init_primary_exception
                0x000000000201f500       0x50 /opt/devkitpro/devkitARM/lib/gcc/arm-none-eabi/10.1.0/../../../../arm-none-eabi/lib/thumb/libstdc++.a(eh_throw.o)
                0x000000000201f500                __cxa_init_primary_exception
 .text.__cxa_throw
                0x000000000201f550       0x34 /opt/devkitpro/devkitARM/lib/gcc/arm-none-eabi/10.1.0/../../../../arm-none-eabi/lib/thumb/libstdc++.a(eh_throw.o)
                0x000000000201f550                __cxa_throw
 .text.__cxa_rethrow
                0x000000000201f584       0x70 /opt/devkitpro/devkitARM/lib/gcc/arm-none-eabi/10.1.0/../../../../arm-none-eabi/lib/thumb/libstdc++.a(eh_throw.o)
                0x000000000201f584                __cxa_rethrow
 .text._ZSt15get_new_handlerv
                0x000000000201f5f4        0xc /opt/devkitpro/devkitARM/lib/gcc/arm-none-eabi/10.1.0/../../../../arm-none-eabi/lib/thumb/libstdc++.a(new_handler.o)
                0x000000000201f5f4                std::get_new_handler()
 .text._ZN10__cxxabiv120__si_class_type_infoD2Ev
                0x000000000201f600       0x1c /opt/devkitpro/devkitARM/lib/gcc/arm-none-eabi/10.1.0/../../../../arm-none-eabi/lib/thumb/libstdc++.a(si_class_type_info.o)
                0x000000000201f600                __cxxabiv1::__si_class_type_info::~__si_class_type_info()
                0x000000000201f600                __cxxabiv1::__si_class_type_info::~__si_class_type_info()
 .text._ZN10__cxxabiv120__si_class_type_infoD0Ev
                0x000000000201f61c       0x24 /opt/devkitpro/devkitARM/lib/gcc/arm-none-eabi/10.1.0/../../../../arm-none-eabi/lib/thumb/libstdc++.a(si_class_type_info.o)
                0x000000000201f61c                __cxxabiv1::__si_class_type_info::~__si_class_type_info()
 .text._ZNK10__cxxabiv120__si_class_type_info20__do_find_public_srcEiPKvPKNS_17__class_type_infoES2_
                0x000000000201f640       0x40 /opt/devkitpro/devkitARM/lib/gcc/arm-none-eabi/10.1.0/../../../../arm-none-eabi/lib/thumb/libstdc++.a(si_class_type_info.o)
                0x000000000201f640                __cxxabiv1::__si_class_type_info::__do_find_public_src(int, void const*, __cxxabiv1::__class_type_info const*, void const*) const
 .text._ZNK10__cxxabiv120__si_class_type_info12__do_dyncastEiNS_17__class_type_info10__sub_kindEPKS1_PKvS4_S6_RNS1_16__dyncast_resultE
                0x000000000201f680       0xa4 /opt/devkitpro/devkitARM/lib/gcc/arm-none-eabi/10.1.0/../../../../arm-none-eabi/lib/thumb/libstdc++.a(si_class_type_info.o)
                0x000000000201f680                __cxxabiv1::__si_class_type_info::__do_dyncast(int, __cxxabiv1::__class_type_info::__sub_kind, __cxxabiv1::__class_type_info const*, void const*, __cxxabiv1::__class_type_info const*, void const*, __cxxabiv1::__class_type_info::__dyncast_result&) const
 .text._ZNK10__cxxabiv120__si_class_type_info11__do_upcastEPKNS_17__class_type_infoEPKvRNS1_15__upcast_resultE
                0x000000000201f724       0x2c /opt/devkitpro/devkitARM/lib/gcc/arm-none-eabi/10.1.0/../../../../arm-none-eabi/lib/thumb/libstdc++.a(si_class_type_info.o)
                0x000000000201f724                __cxxabiv1::__si_class_type_info::__do_upcast(__cxxabiv1::__class_type_info const*, void const*, __cxxabiv1::__class_type_info::__upcast_result&) const
 .text._ZNSt9type_infoD2Ev
                0x000000000201f750        0x4 /opt/devkitpro/devkitARM/lib/gcc/arm-none-eabi/10.1.0/../../../../arm-none-eabi/lib/thumb/libstdc++.a(tinfo.o)
                0x000000000201f750                std::type_info::~type_info()
                0x000000000201f750                std::type_info::~type_info()
 .text._ZNKSt9type_info14__is_pointer_pEv
                0x000000000201f754        0x4 /opt/devkitpro/devkitARM/lib/gcc/arm-none-eabi/10.1.0/../../../../arm-none-eabi/lib/thumb/libstdc++.a(tinfo.o)
                0x000000000201f754                std::type_info::__is_function_p() const
                0x000000000201f754                std::type_info::__is_pointer_p() const
 .text._ZNKSt9type_infoeqERKS_
                0x000000000201f758       0x30 /opt/devkitpro/devkitARM/lib/gcc/arm-none-eabi/10.1.0/../../../../arm-none-eabi/lib/thumb/libstdc++.a(tinfo.o)
                0x000000000201f758                std::type_info::operator==(std::type_info const&) const
 .text._ZNK10__cxxabiv117__class_type_info11__do_upcastEPKS0_PPv
                0x000000000201f788       0x3c /opt/devkitpro/devkitARM/lib/gcc/arm-none-eabi/10.1.0/../../../../arm-none-eabi/lib/thumb/libstdc++.a(class_type_info.o)
                0x000000000201f788                __cxxabiv1::__class_type_info::__do_upcast(__cxxabiv1::__class_type_info const*, void**) const
 .text._ZNK10__cxxabiv117__class_type_info20__do_find_public_srcEiPKvPKS0_S2_
                0x000000000201f7c4       0x14 /opt/devkitpro/devkitARM/lib/gcc/arm-none-eabi/10.1.0/../../../../arm-none-eabi/lib/thumb/libstdc++.a(class_type_info.o)
                0x000000000201f7c4                __cxxabiv1::__class_type_info::__do_find_public_src(int, void const*, __cxxabiv1::__class_type_info const*, void const*) const
 .text._ZN10__cxxabiv117__class_type_infoD2Ev
                0x000000000201f7d8       0x1c /opt/devkitpro/devkitARM/lib/gcc/arm-none-eabi/10.1.0/../../../../arm-none-eabi/lib/thumb/libstdc++.a(class_type_info.o)
                0x000000000201f7d8                __cxxabiv1::__class_type_info::~__class_type_info()
                0x000000000201f7d8                __cxxabiv1::__class_type_info::~__class_type_info()
 .text._ZN10__cxxabiv117__class_type_infoD0Ev
                0x000000000201f7f4       0x24 /opt/devkitpro/devkitARM/lib/gcc/arm-none-eabi/10.1.0/../../../../arm-none-eabi/lib/thumb/libstdc++.a(class_type_info.o)
                0x000000000201f7f4                __cxxabiv1::__class_type_info::~__class_type_info()
 .text._ZNK10__cxxabiv117__class_type_info12__do_dyncastEiNS0_10__sub_kindEPKS0_PKvS3_S5_RNS0_16__dyncast_resultE
                0x000000000201f818       0x44 /opt/devkitpro/devkitARM/lib/gcc/arm-none-eabi/10.1.0/../../../../arm-none-eabi/lib/thumb/libstdc++.a(class_type_info.o)
                0x000000000201f818                __cxxabiv1::__class_type_info::__do_dyncast(int, __cxxabiv1::__class_type_info::__sub_kind, __cxxabiv1::__class_type_info const*, void const*, __cxxabiv1::__class_type_info const*, void const*, __cxxabiv1::__class_type_info::__dyncast_result&) const
 .text._ZNK10__cxxabiv117__class_type_info11__do_upcastEPKS0_PKvRNS0_15__upcast_resultE
                0x000000000201f85c       0x20 /opt/devkitpro/devkitARM/lib/gcc/arm-none-eabi/10.1.0/../../../../arm-none-eabi/lib/thumb/libstdc++.a(class_type_info.o)
                0x000000000201f85c                __cxxabiv1::__class_type_info::__do_upcast(__cxxabiv1::__class_type_info const*, void const*, __cxxabiv1::__class_type_info::__upcast_result&) const
 .text._ZNK10__cxxabiv117__class_type_info10__do_catchEPKSt9type_infoPPvj
                0x000000000201f87c       0x2c /opt/devkitpro/devkitARM/lib/gcc/arm-none-eabi/10.1.0/../../../../arm-none-eabi/lib/thumb/libstdc++.a(class_type_info.o)
                0x000000000201f87c                __cxxabiv1::__class_type_info::__do_catch(std::type_info const*, void**, unsigned int) const
 .text.__cxa_end_cleanup
                0x000000000201f8a8        0xc /opt/devkitpro/devkitARM/lib/gcc/arm-none-eabi/10.1.0/../../../../arm-none-eabi/lib/thumb/libstdc++.a(eh_arm.o)
                0x000000000201f8a8                __cxa_end_cleanup
 .text.__cxa_type_match
                0x000000000201f8b4       0xcc /opt/devkitpro/devkitARM/lib/gcc/arm-none-eabi/10.1.0/../../../../arm-none-eabi/lib/thumb/libstdc++.a(eh_arm.o)
                0x000000000201f8b4                __cxa_type_match
 .text.__cxa_begin_cleanup
                0x000000000201f980       0x64 /opt/devkitpro/devkitARM/lib/gcc/arm-none-eabi/10.1.0/../../../../arm-none-eabi/lib/thumb/libstdc++.a(eh_arm.o)
                0x000000000201f980                __cxa_begin_cleanup
 .text.__gnu_end_cleanup
                0x000000000201f9e4       0x74 /opt/devkitpro/devkitARM/lib/gcc/arm-none-eabi/10.1.0/../../../../arm-none-eabi/lib/thumb/libstdc++.a(eh_arm.o)
                0x000000000201f9e4                __gnu_end_cleanup
 .text._ZN10__cxxabiv1L24__is_gxx_exception_classEPc
                0x000000000201fa58       0x3c /opt/devkitpro/devkitARM/lib/gcc/arm-none-eabi/10.1.0/../../../../arm-none-eabi/lib/thumb/libstdc++.a(eh_call.o)
 .text.__cxa_call_terminate
                0x000000000201fa94       0x20 /opt/devkitpro/devkitARM/lib/gcc/arm-none-eabi/10.1.0/../../../../arm-none-eabi/lib/thumb/libstdc++.a(eh_call.o)
                0x000000000201fa94                __cxa_call_terminate
 .text.unlikely.__cxa_call_unexpected
                0x000000000201fab4      0x104 /opt/devkitpro/devkitARM/lib/gcc/arm-none-eabi/10.1.0/../../../../arm-none-eabi/lib/thumb/libstdc++.a(eh_call.o)
                0x000000000201fab4                __cxa_call_unexpected
 .text.__cxa_begin_catch
                0x000000000201fbb8       0x78 /opt/devkitpro/devkitARM/lib/gcc/arm-none-eabi/10.1.0/../../../../arm-none-eabi/lib/thumb/libstdc++.a(eh_catch.o)
                0x000000000201fbb8                __cxa_begin_catch
 .text.__cxa_end_catch
                0x000000000201fc30       0x94 /opt/devkitpro/devkitARM/lib/gcc/arm-none-eabi/10.1.0/../../../../arm-none-eabi/lib/thumb/libstdc++.a(eh_catch.o)
                0x000000000201fc30                __cxa_end_catch
 .text.__cxa_get_globals_fast
                0x000000000201fcc4        0x8 /opt/devkitpro/devkitARM/lib/gcc/arm-none-eabi/10.1.0/../../../../arm-none-eabi/lib/thumb/libstdc++.a(eh_globals.o)
                0x000000000201fcc4                __cxa_get_globals_fast
 .text.__cxa_get_globals
                0x000000000201fccc        0x8 /opt/devkitpro/devkitARM/lib/gcc/arm-none-eabi/10.1.0/../../../../arm-none-eabi/lib/thumb/libstdc++.a(eh_globals.o)
                0x000000000201fccc                __cxa_get_globals
 .text._ZL28read_encoded_value_with_basehjPKhPj
                0x000000000201fcd4      0x114 /opt/devkitpro/devkitARM/lib/gcc/arm-none-eabi/10.1.0/../../../../arm-none-eabi/lib/thumb/libstdc++.a(eh_personality.o)
 .text._ZL21base_of_encoded_valuehP15_Unwind_Context
                0x000000000201fde8       0x4c /opt/devkitpro/devkitARM/lib/gcc/arm-none-eabi/10.1.0/../../../../arm-none-eabi/lib/thumb/libstdc++.a(eh_personality.o)
 .text._ZL17parse_lsda_headerP15_Unwind_ContextPKhP16lsda_header_info
                0x000000000201fe34       0x98 /opt/devkitpro/devkitARM/lib/gcc/arm-none-eabi/10.1.0/../../../../arm-none-eabi/lib/thumb/libstdc++.a(eh_personality.o)
 .text.__gxx_personality_v0
                0x000000000201fecc      0x4a4 /opt/devkitpro/devkitARM/lib/gcc/arm-none-eabi/10.1.0/../../../../arm-none-eabi/lib/thumb/libstdc++.a(eh_personality.o)
                0x000000000201fecc                __gxx_personality_v0
 .text.exp      0x0000000002020370       0x84 /opt/devkitpro/devkitARM/lib/gcc/arm-none-eabi/10.1.0/../../../../arm-none-eabi/lib/thumb/libm.a(lib_a-w_exp.o)
                0x0000000002020370                exp
 .text.__ieee754_exp
                0x00000000020203f4      0x36c /opt/devkitpro/devkitARM/lib/gcc/arm-none-eabi/10.1.0/../../../../arm-none-eabi/lib/thumb/libm.a(lib_a-e_exp.o)
                0x00000000020203f4                __ieee754_exp
 .text.finite   0x0000000002020760       0x14 /opt/devkitpro/devkitARM/lib/gcc/arm-none-eabi/10.1.0/../../../../arm-none-eabi/lib/thumb/libm.a(lib_a-s_finite.o)
                0x0000000002020760                finite
 .text.__muldi3
                0x0000000002020774       0x54 /opt/devkitpro/devkitARM/lib/gcc/arm-none-eabi/10.1.0/thumb/libgcc.a(_muldi3.o)
                0x0000000002020774                __aeabi_lmul
                0x0000000002020774                __muldi3
 .text.__udivmoddi4
                0x00000000020207c8      0x19c /opt/devkitpro/devkitARM/lib/gcc/arm-none-eabi/10.1.0/thumb/libgcc.a(_udivmoddi4.o)
                0x00000000020207c8                __udivmoddi4
 .text.selfrel_offset31
                0x0000000002020964       0x18 /opt/devkitpro/devkitARM/lib/gcc/arm-none-eabi/10.1.0/thumb/libgcc.a(unwind-arm.o)
 .text.search_EIT_table
                0x000000000202097c       0x74 /opt/devkitpro/devkitARM/lib/gcc/arm-none-eabi/10.1.0/thumb/libgcc.a(unwind-arm.o)
 .text.__gnu_unwind_get_pr_addr
                0x00000000020209f0       0x2c /opt/devkitpro/devkitARM/lib/gcc/arm-none-eabi/10.1.0/thumb/libgcc.a(unwind-arm.o)
 .text.get_eit_entry
                0x0000000002020a1c       0xa0 /opt/devkitpro/devkitARM/lib/gcc/arm-none-eabi/10.1.0/thumb/libgcc.a(unwind-arm.o)
 .text.restore_non_core_regs
                0x0000000002020abc       0x5c /opt/devkitpro/devkitARM/lib/gcc/arm-none-eabi/10.1.0/thumb/libgcc.a(unwind-arm.o)
 .text._Unwind_decode_typeinfo_ptr.constprop.0
                0x0000000002020b18        0xc /opt/devkitpro/devkitARM/lib/gcc/arm-none-eabi/10.1.0/thumb/libgcc.a(unwind-arm.o)
 .text._Unwind_DebugHook
                0x0000000002020b24        0x4 /opt/devkitpro/devkitARM/lib/gcc/arm-none-eabi/10.1.0/thumb/libgcc.a(unwind-arm.o)
 .text.unwind_phase2
                0x0000000002020b28       0x40 /opt/devkitpro/devkitARM/lib/gcc/arm-none-eabi/10.1.0/thumb/libgcc.a(unwind-arm.o)
 .text.unwind_phase2_forced
                0x0000000002020b68       0xe0 /opt/devkitpro/devkitARM/lib/gcc/arm-none-eabi/10.1.0/thumb/libgcc.a(unwind-arm.o)
 .text.__gnu_Unwind_RaiseException
                0x0000000002020c48       0x5c /opt/devkitpro/devkitARM/lib/gcc/arm-none-eabi/10.1.0/thumb/libgcc.a(unwind-arm.o)
                0x0000000002020c48                __gnu_Unwind_RaiseException
 .text.__gnu_Unwind_ForcedUnwind
                0x0000000002020ca4       0x18 /opt/devkitpro/devkitARM/lib/gcc/arm-none-eabi/10.1.0/thumb/libgcc.a(unwind-arm.o)
                0x0000000002020ca4                __gnu_Unwind_ForcedUnwind
 .text.__gnu_Unwind_Resume
                0x0000000002020cbc       0x4c /opt/devkitpro/devkitARM/lib/gcc/arm-none-eabi/10.1.0/thumb/libgcc.a(unwind-arm.o)
                0x0000000002020cbc                __gnu_Unwind_Resume
 .text.__gnu_Unwind_Resume_or_Rethrow
                0x0000000002020d08       0x20 /opt/devkitpro/devkitARM/lib/gcc/arm-none-eabi/10.1.0/thumb/libgcc.a(unwind-arm.o)
                0x0000000002020d08                __gnu_Unwind_Resume_or_Rethrow
 .text._Unwind_Complete
                0x0000000002020d28        0x4 /opt/devkitpro/devkitARM/lib/gcc/arm-none-eabi/10.1.0/thumb/libgcc.a(unwind-arm.o)
                0x0000000002020d28                _Unwind_Complete
 .text._Unwind_DeleteException
                0x0000000002020d2c       0x18 /opt/devkitpro/devkitARM/lib/gcc/arm-none-eabi/10.1.0/thumb/libgcc.a(unwind-arm.o)
                0x0000000002020d2c                _Unwind_DeleteException
 .text._Unwind_VRS_Get
                0x0000000002020d44       0x38 /opt/devkitpro/devkitARM/lib/gcc/arm-none-eabi/10.1.0/thumb/libgcc.a(unwind-arm.o)
                0x0000000002020d44                _Unwind_VRS_Get
 .text._Unwind_GetGR
                0x0000000002020d7c       0x1c /opt/devkitpro/devkitARM/lib/gcc/arm-none-eabi/10.1.0/thumb/libgcc.a(unwind-arm.o)
 .text._Unwind_VRS_Set
                0x0000000002020d98       0x38 /opt/devkitpro/devkitARM/lib/gcc/arm-none-eabi/10.1.0/thumb/libgcc.a(unwind-arm.o)
                0x0000000002020d98                _Unwind_VRS_Set
 .text._Unwind_SetGR
                0x0000000002020dd0       0x1c /opt/devkitpro/devkitARM/lib/gcc/arm-none-eabi/10.1.0/thumb/libgcc.a(unwind-arm.o)
 .text.__gnu_Unwind_Backtrace
                0x0000000002020dec       0x80 /opt/devkitpro/devkitARM/lib/gcc/arm-none-eabi/10.1.0/thumb/libgcc.a(unwind-arm.o)
                0x0000000002020dec                __gnu_Unwind_Backtrace
 .text.__gnu_unwind_pr_common
                0x0000000002020e6c      0x2d8 /opt/devkitpro/devkitARM/lib/gcc/arm-none-eabi/10.1.0/thumb/libgcc.a(unwind-arm.o)
 .text.__aeabi_unwind_cpp_pr0
                0x0000000002021144       0x10 /opt/devkitpro/devkitARM/lib/gcc/arm-none-eabi/10.1.0/thumb/libgcc.a(unwind-arm.o)
                0x0000000002021144                __aeabi_unwind_cpp_pr0
 .text.__aeabi_unwind_cpp_pr1
                0x0000000002021154       0x10 /opt/devkitpro/devkitARM/lib/gcc/arm-none-eabi/10.1.0/thumb/libgcc.a(unwind-arm.o)
                0x0000000002021154                __aeabi_unwind_cpp_pr1
 .text.__aeabi_unwind_cpp_pr2
                0x0000000002021164       0x10 /opt/devkitpro/devkitARM/lib/gcc/arm-none-eabi/10.1.0/thumb/libgcc.a(unwind-arm.o)
                0x0000000002021164                __aeabi_unwind_cpp_pr2
 .text._Unwind_VRS_Pop
                0x0000000002021174      0x2b8 /opt/devkitpro/devkitARM/lib/gcc/arm-none-eabi/10.1.0/thumb/libgcc.a(unwind-arm.o)
                0x0000000002021174                _Unwind_VRS_Pop
 .text.next_unwind_byte
                0x000000000202142c       0x34 /opt/devkitpro/devkitARM/lib/gcc/arm-none-eabi/10.1.0/thumb/libgcc.a(pr-support.o)
 .text._Unwind_GetGR.constprop.0
                0x0000000002021460       0x1c /opt/devkitpro/devkitARM/lib/gcc/arm-none-eabi/10.1.0/thumb/libgcc.a(pr-support.o)
 .text.unwind_UCB_from_context
                0x000000000202147c        0xc /opt/devkitpro/devkitARM/lib/gcc/arm-none-eabi/10.1.0/thumb/libgcc.a(pr-support.o)
 .text.__gnu_unwind_execute
                0x0000000002021488      0x2f0 /opt/devkitpro/devkitARM/lib/gcc/arm-none-eabi/10.1.0/thumb/libgcc.a(pr-support.o)
                0x0000000002021488                __gnu_unwind_execute
 .text.__gnu_unwind_frame
                0x0000000002021778       0x2c /opt/devkitpro/devkitARM/lib/gcc/arm-none-eabi/10.1.0/thumb/libgcc.a(pr-support.o)
                0x0000000002021778                __gnu_unwind_frame
 .text._Unwind_GetRegionStart
                0x00000000020217a4       0x10 /opt/devkitpro/devkitARM/lib/gcc/arm-none-eabi/10.1.0/thumb/libgcc.a(pr-support.o)
                0x00000000020217a4                _Unwind_GetRegionStart
 .text._Unwind_GetLanguageSpecificData
                0x00000000020217b4       0x18 /opt/devkitpro/devkitARM/lib/gcc/arm-none-eabi/10.1.0/thumb/libgcc.a(pr-support.o)
                0x00000000020217b4                _Unwind_GetLanguageSpecificData
 .text.unlikely._Unwind_GetDataRelBase
                0x00000000020217cc        0x6 /opt/devkitpro/devkitARM/lib/gcc/arm-none-eabi/10.1.0/thumb/libgcc.a(pr-support.o)
                0x00000000020217cc                _Unwind_GetDataRelBase
 .text.unlikely._Unwind_GetTextRelBase
                0x00000000020217d2        0x6 /opt/devkitpro/devkitARM/lib/gcc/arm-none-eabi/10.1.0/thumb/libgcc.a(pr-support.o)
                0x00000000020217d2                _Unwind_GetTextRelBase
 .text.abort    0x00000000020217d8       0x10 /opt/devkitpro/devkitARM/lib/gcc/arm-none-eabi/10.1.0/../../../../arm-none-eabi/lib/thumb/libg.a(lib_a-abort.o)
                0x00000000020217d8                abort
 .text.calloc   0x00000000020217e8       0x18 /opt/devkitpro/devkitARM/lib/gcc/arm-none-eabi/10.1.0/../../../../arm-none-eabi/lib/thumb/libg.a(lib_a-calloc.o)
                0x00000000020217e8                calloc
 .text._calloc_r
                0x0000000002021800       0x60 /opt/devkitpro/devkitARM/lib/gcc/arm-none-eabi/10.1.0/../../../../arm-none-eabi/lib/thumb/libg.a(lib_a-callocr.o)
                0x0000000002021800                _calloc_r
 .text.__errno  0x0000000002021860        0xc /opt/devkitpro/devkitARM/lib/gcc/arm-none-eabi/10.1.0/../../../../arm-none-eabi/lib/thumb/libg.a(lib_a-errno.o)
                0x0000000002021860                __errno
 .text._fclose_r
                0x000000000202186c       0xe8 /opt/devkitpro/devkitARM/lib/gcc/arm-none-eabi/10.1.0/../../../../arm-none-eabi/lib/thumb/libg.a(lib_a-fclose.o)
                0x000000000202186c                _fclose_r
 .text.fclose   0x0000000002021954       0x14 /opt/devkitpro/devkitARM/lib/gcc/arm-none-eabi/10.1.0/../../../../arm-none-eabi/lib/thumb/libg.a(lib_a-fclose.o)
                0x0000000002021954                fclose
 .text.__sflush_r
                0x0000000002021968      0x1c0 /opt/devkitpro/devkitARM/lib/gcc/arm-none-eabi/10.1.0/../../../../arm-none-eabi/lib/thumb/libg.a(lib_a-fflush.o)
                0x0000000002021968                __sflush_r
 .text._fflush_r
                0x0000000002021b28       0x70 /opt/devkitpro/devkitARM/lib/gcc/arm-none-eabi/10.1.0/../../../../arm-none-eabi/lib/thumb/libg.a(lib_a-fflush.o)
                0x0000000002021b28                _fflush_r
 .text.fflush   0x0000000002021b98       0x2c /opt/devkitpro/devkitARM/lib/gcc/arm-none-eabi/10.1.0/../../../../arm-none-eabi/lib/thumb/libg.a(lib_a-fflush.o)
                0x0000000002021b98                fflush
 .text.fileno   0x0000000002021bc4       0x68 /opt/devkitpro/devkitARM/lib/gcc/arm-none-eabi/10.1.0/../../../../arm-none-eabi/lib/thumb/libg.a(lib_a-fileno.o)
                0x0000000002021bc4                fileno
 .text._cleanup_r
                0x0000000002021c2c       0x14 /opt/devkitpro/devkitARM/lib/gcc/arm-none-eabi/10.1.0/../../../../arm-none-eabi/lib/thumb/libg.a(lib_a-findfp.o)
                0x0000000002021c2c                _cleanup_r
 .text.__sinit  0x0000000002021c40      0x124 /opt/devkitpro/devkitARM/lib/gcc/arm-none-eabi/10.1.0/../../../../arm-none-eabi/lib/thumb/libg.a(lib_a-findfp.o)
                0x0000000002021c40                __sinit
 .text.__sfp    0x0000000002021d64       0xdc /opt/devkitpro/devkitARM/lib/gcc/arm-none-eabi/10.1.0/../../../../arm-none-eabi/lib/thumb/libg.a(lib_a-findfp.o)
                0x0000000002021d64                __sfp
 .text.__sfp_lock_acquire
                0x0000000002021e40       0x14 /opt/devkitpro/devkitARM/lib/gcc/arm-none-eabi/10.1.0/../../../../arm-none-eabi/lib/thumb/libg.a(lib_a-findfp.o)
                0x0000000002021e40                __sfp_lock_acquire
 .text.__sfp_lock_release
                0x0000000002021e54       0x14 /opt/devkitpro/devkitARM/lib/gcc/arm-none-eabi/10.1.0/../../../../arm-none-eabi/lib/thumb/libg.a(lib_a-findfp.o)
                0x0000000002021e54                __sfp_lock_release
 .text._fopen_r
                0x0000000002021e68       0xb8 /opt/devkitpro/devkitARM/lib/gcc/arm-none-eabi/10.1.0/../../../../arm-none-eabi/lib/thumb/libg.a(lib_a-fopen.o)
                0x0000000002021e68                _fopen_r
 .text.fopen    0x0000000002021f20       0x18 /opt/devkitpro/devkitARM/lib/gcc/arm-none-eabi/10.1.0/../../../../arm-none-eabi/lib/thumb/libg.a(lib_a-fopen.o)
                0x0000000002021f20                fopen
 .text.fputc    0x0000000002021f38       0x58 /opt/devkitpro/devkitARM/lib/gcc/arm-none-eabi/10.1.0/../../../../arm-none-eabi/lib/thumb/libg.a(lib_a-fputc.o)
                0x0000000002021f38                fputc
 .text._fread_r
                0x0000000002021f90      0x1f0 /opt/devkitpro/devkitARM/lib/gcc/arm-none-eabi/10.1.0/../../../../arm-none-eabi/lib/thumb/libg.a(lib_a-fread.o)
                0x0000000002021f90                _fread_r
 .text.fread    0x0000000002022180       0x24 /opt/devkitpro/devkitARM/lib/gcc/arm-none-eabi/10.1.0/../../../../arm-none-eabi/lib/thumb/libg.a(lib_a-fread.o)
                0x0000000002022180                fread
 .text._malloc_trim_r
                0x00000000020221a4       0xa0 /opt/devkitpro/devkitARM/lib/gcc/arm-none-eabi/10.1.0/../../../../arm-none-eabi/lib/thumb/libg.a(lib_a-freer.o)
                0x00000000020221a4                _malloc_trim_r
 .text._free_r  0x0000000002022244      0x1e0 /opt/devkitpro/devkitARM/lib/gcc/arm-none-eabi/10.1.0/../../../../arm-none-eabi/lib/thumb/libg.a(lib_a-freer.o)
                0x0000000002022244                _free_r
 .text._fseek_r
                0x0000000002022424       0x18 /opt/devkitpro/devkitARM/lib/gcc/arm-none-eabi/10.1.0/../../../../arm-none-eabi/lib/thumb/libg.a(lib_a-fseek.o)
                0x0000000002022424                _fseek_r
 .text.fseek    0x000000000202243c       0x24 /opt/devkitpro/devkitARM/lib/gcc/arm-none-eabi/10.1.0/../../../../arm-none-eabi/lib/thumb/libg.a(lib_a-fseek.o)
                0x000000000202243c                fseek
 .text._fseeko_r
                0x0000000002022460      0x39c /opt/devkitpro/devkitARM/lib/gcc/arm-none-eabi/10.1.0/../../../../arm-none-eabi/lib/thumb/libg.a(lib_a-fseeko.o)
                0x0000000002022460                _fseeko_r
 .text.ftell    0x00000000020227fc       0x24 /opt/devkitpro/devkitARM/lib/gcc/arm-none-eabi/10.1.0/../../../../arm-none-eabi/lib/thumb/libg.a(lib_a-ftell.o)
                0x00000000020227fc                ftell
 .text._ftello_r
                0x0000000002022820      0x118 /opt/devkitpro/devkitARM/lib/gcc/arm-none-eabi/10.1.0/../../../../arm-none-eabi/lib/thumb/libg.a(lib_a-ftello.o)
                0x0000000002022820                _ftello_r
 .text._fwalk   0x0000000002022938       0x48 /opt/devkitpro/devkitARM/lib/gcc/arm-none-eabi/10.1.0/../../../../arm-none-eabi/lib/thumb/libg.a(lib_a-fwalk.o)
                0x0000000002022938                _fwalk
 .text._fwalk_reent
                0x0000000002022980       0x50 /opt/devkitpro/devkitARM/lib/gcc/arm-none-eabi/10.1.0/../../../../arm-none-eabi/lib/thumb/libg.a(lib_a-fwalk.o)
                0x0000000002022980                _fwalk_reent
 .text._fwrite_r
                0x00000000020229d0       0x94 /opt/devkitpro/devkitARM/lib/gcc/arm-none-eabi/10.1.0/../../../../arm-none-eabi/lib/thumb/libg.a(lib_a-fwrite.o)
                0x00000000020229d0                _fwrite_r
 .text.fwrite   0x0000000002022a64       0x24 /opt/devkitpro/devkitARM/lib/gcc/arm-none-eabi/10.1.0/../../../../arm-none-eabi/lib/thumb/libg.a(lib_a-fwrite.o)
                0x0000000002022a64                fwrite
 .text.__libc_init_array
                0x0000000002022a88       0x50 /opt/devkitpro/devkitARM/lib/gcc/arm-none-eabi/10.1.0/../../../../arm-none-eabi/lib/thumb/libg.a(lib_a-init.o)
                0x0000000002022a88                __libc_init_array
 .text.localtime_r
                0x0000000002022ad8      0x244 /opt/devkitpro/devkitARM/lib/gcc/arm-none-eabi/10.1.0/../../../../arm-none-eabi/lib/thumb/libg.a(lib_a-lcltime_r.o)
                0x0000000002022ad8                localtime_r
 .text.__locale_mb_cur_max
                0x0000000002022d1c       0x10 /opt/devkitpro/devkitARM/lib/gcc/arm-none-eabi/10.1.0/../../../../arm-none-eabi/lib/thumb/libg.a(lib_a-locale.o)
                0x0000000002022d1c                __locale_mb_cur_max
 .text.__smakebuf_r
                0x0000000002022d2c       0xec /opt/devkitpro/devkitARM/lib/gcc/arm-none-eabi/10.1.0/../../../../arm-none-eabi/lib/thumb/libg.a(lib_a-makebuf.o)
                0x0000000002022d2c                __smakebuf_r
 .text.malloc   0x0000000002022e18       0x14 /opt/devkitpro/devkitARM/lib/gcc/arm-none-eabi/10.1.0/../../../../arm-none-eabi/lib/thumb/libg.a(lib_a-malloc.o)
                0x0000000002022e18                malloc
 .text.free     0x0000000002022e2c       0x14 /opt/devkitpro/devkitARM/lib/gcc/arm-none-eabi/10.1.0/../../../../arm-none-eabi/lib/thumb/libg.a(lib_a-malloc.o)
                0x0000000002022e2c                free
 .text._malloc_r
                0x0000000002022e40      0x59c /opt/devkitpro/devkitARM/lib/gcc/arm-none-eabi/10.1.0/../../../../arm-none-eabi/lib/thumb/libg.a(lib_a-mallocr.o)
                0x0000000002022e40                _malloc_r
 .text._mbrtowc_r